Release 14.7 - xst P.20131013 (nt64)
Copyright (c) 1995-2013 Xilinx, Inc.  All rights reserved.
--> Parameter TMPDIR set to xst/projnav.tmp


Total REAL time to Xst completion: 0.00 secs
Total CPU time to Xst completion: 0.08 secs
 
--> Parameter xsthdpdir set to xst


Total REAL time to Xst completion: 0.00 secs
Total CPU time to Xst completion: 0.08 secs
 
--> Reading design: CP0.prj

TABLE OF CONTENTS
  1) Synthesis Options Summary
  2) HDL Parsing
  3) HDL Elaboration
  4) HDL Synthesis
       4.1) HDL Synthesis Report
  5) Advanced HDL Synthesis
       5.1) Advanced HDL Synthesis Report
  6) Low Level Synthesis
  7) Partition Report
  8) Design Summary
       8.1) Primitive and Black Box Usage
       8.2) Device utilization summary
       8.3) Partition Resource Summary
       8.4) Timing Report
            8.4.1) Clock Information
            8.4.2) Asynchronous Control Signals Information
            8.4.3) Timing Summary
            8.4.4) Timing Details
            8.4.5) Cross Clock Domains Report


=========================================================================
*                      Synthesis Options Summary                        *
=========================================================================
---- Source Parameters
Input File Name                    : "CP0.prj"
Ignore Synthesis Constraint File   : NO

---- Target Parameters
Output File Name                   : "CP0"
Output Format                      : NGC
Target Device                      : xc7k325t-2L-ffg676

---- Source Options
Top Module Name                    : CP0
Automatic FSM Extraction           : YES
FSM Encoding Algorithm             : Auto
Safe Implementation                : No
FSM Style                          : LUT
RAM Extraction                     : Yes
RAM Style                          : Auto
ROM Extraction                     : Yes
Shift Register Extraction          : YES
ROM Style                          : Auto
Resource Sharing                   : YES
Asynchronous To Synchronous        : NO
Shift Register Minimum Size        : 2
Use DSP Block                      : Auto
Automatic Register Balancing       : No

---- Target Options
LUT Combining                      : Auto
Reduce Control Sets                : Auto
Add IO Buffers                     : YES
Global Maximum Fanout              : 100000
Add Generic Clock Buffer(BUFG)     : 32
Register Duplication               : YES
Optimize Instantiated Primitives   : NO
Use Clock Enable                   : Auto
Use Synchronous Set                : Auto
Use Synchronous Reset              : Auto
Pack IO Registers into IOBs        : Auto
Equivalent register Removal        : YES

---- General Options
Optimization Goal                  : Speed
Optimization Effort                : 1
Power Reduction                    : NO
Keep Hierarchy                     : No
Netlist Hierarchy                  : As_Optimized
RTL Output                         : Yes
Global Optimization                : AllClockNets
Read Cores                         : YES
Write Timing Constraints           : NO
Cross Clock Analysis               : NO
Hierarchy Separator                : /
Bus Delimiter                      : <>
Case Specifier                     : Maintain
Slice Utilization Ratio            : 100
BRAM Utilization Ratio             : 100
DSP48 Utilization Ratio            : 100
Auto BRAM Packing                  : NO
Slice Utilization Ratio Delta      : 5

---- Other Options
Cores Search Directories           : {"ipcore_dir"  }

=========================================================================


=========================================================================
*                          HDL Parsing                                  *
=========================================================================
Analyzing Verilog file "F:\MyProgramme\0arch\PCPU\Wired.v" into library work
Parsing module <Wired>.
Analyzing Verilog file "F:\MyProgramme\0arch\PCPU\Status.v" into library work
Parsing module <Status>.
Analyzing Verilog file "F:\MyProgramme\0arch\PCPU\Random.v" into library work
Parsing module <Random>.
Analyzing Verilog file "F:\MyProgramme\0arch\PCPU\Index.v" into library work
Parsing module <Index>.
Analyzing Verilog file "F:\MyProgramme\0arch\PCPU\Epc.v" into library work
Parsing module <Epc>.
Analyzing Verilog file "F:\MyProgramme\0arch\PCPU\EntryLo.v" into library work
Parsing module <EntryLo>.
Analyzing Verilog file "F:\MyProgramme\0arch\PCPU\EntryHi.v" into library work
Parsing module <EntryHi>.
Analyzing Verilog file "F:\MyProgramme\0arch\PCPU\Count.v" into library work
Parsing module <Count>.
Analyzing Verilog file "F:\MyProgramme\0arch\PCPU\Compare.v" into library work
Parsing module <Compare>.
Analyzing Verilog file "F:\MyProgramme\0arch\PCPU\Cause.v" into library work
Parsing module <Cause>.
Analyzing Verilog file "F:\MyProgramme\0arch\PCPU\CP0.v" into library work
Parsing module <CP0>.
Analyzing Verilog file "F:\MyProgramme\0arch\PCPU\MUL_ALU.vf" into library work
Parsing module <MUL_ALU>.

=========================================================================
*                            HDL Elaboration                            *
=========================================================================

Elaborating module <CP0>.

Elaborating module <Wired>.

Elaborating module <Random>.

Elaborating module <Index>.

Elaborating module <EntryLo>.

Elaborating module <EntryHi>.

Elaborating module <Count>.

Elaborating module <Compare>.

Elaborating module <Status>.

Elaborating module <Cause>.

Elaborating module <Epc>.

=========================================================================
*                           HDL Synthesis                               *
=========================================================================

Synthesizing Unit <CP0>.
    Related source file is "F:\MyProgramme\0arch\PCPU\CP0.v".
    Found 32-bit 15-to-1 multiplexer for signal <_n0069> created at line 28.
    Summary:
	inferred   2 Multiplexer(s).
Unit <CP0> synthesized.

Synthesizing Unit <Wired>.
    Related source file is "F:\MyProgramme\0arch\PCPU\Wired.v".
WARNING:Xst:647 - Input <mtcd<31:4>> is never used. This port will be preserved and left unconnected if it belongs to a top-level block or it belongs to a sub-block and the hierarchy of this sub-block is preserved.
    Found 4-bit register for signal <WIRED>.
    Summary:
	inferred   4 D-type flip-flop(s).
Unit <Wired> synthesized.

Synthesizing Unit <Random>.
    Related source file is "F:\MyProgramme\0arch\PCPU\Random.v".
    Found 4-bit register for signal <RANDOM>.
    Found 4-bit subtractor for signal <RANDOM[3]_GND_3_o_sub_2_OUT> created at line 33.
    Found 32-bit comparator equal for signal <GND_3_o_Wired[31]_equal_1_o> created at line 32
    Summary:
	inferred   1 Adder/Subtractor(s).
	inferred   4 D-type flip-flop(s).
	inferred   1 Comparator(s).
	inferred   2 Multiplexer(s).
Unit <Random> synthesized.

Synthesizing Unit <Index>.
    Related source file is "F:\MyProgramme\0arch\PCPU\Index.v".
WARNING:Xst:647 - Input <mtcd<30:4>> is never used. This port will be preserved and left unconnected if it belongs to a top-level block or it belongs to a sub-block and the hierarchy of this sub-block is preserved.
    Found 4-bit register for signal <INDEX>.
    Found 1-bit register for signal <P>.
    Summary:
	inferred   5 D-type flip-flop(s).
	inferred   2 Multiplexer(s).
Unit <Index> synthesized.

Synthesizing Unit <EntryLo>.
    Related source file is "F:\MyProgramme\0arch\PCPU\EntryLo.v".
WARNING:Xst:647 - Input <mtcd<5:3>> is never used. This port will be preserved and left unconnected if it belongs to a top-level block or it belongs to a sub-block and the hierarchy of this sub-block is preserved.
WARNING:Xst:647 - Input <mtcd<31:26>> is never used. This port will be preserved and left unconnected if it belongs to a top-level block or it belongs to a sub-block and the hierarchy of this sub-block is preserved.
    Found 3-bit register for signal <DVG>.
    Found 20-bit register for signal <PFN>.
    Summary:
	inferred  23 D-type flip-flop(s).
	inferred   2 Multiplexer(s).
Unit <EntryLo> synthesized.

Synthesizing Unit <EntryHi>.
    Related source file is "F:\MyProgramme\0arch\PCPU\EntryHi.v".
WARNING:Xst:647 - Input <mtcd<12:8>> is never used. This port will be preserved and left unconnected if it belongs to a top-level block or it belongs to a sub-block and the hierarchy of this sub-block is preserved.
    Found 8-bit register for signal <ASID>.
    Found 19-bit register for signal <VPN2>.
    Summary:
	inferred  27 D-type flip-flop(s).
	inferred   2 Multiplexer(s).
Unit <EntryHi> synthesized.

Synthesizing Unit <Count>.
    Related source file is "F:\MyProgramme\0arch\PCPU\Count.v".
    Found 32-bit register for signal <count>.
    Found 32-bit adder for signal <count[31]_GND_8_o_add_1_OUT> created at line 28.
    Summary:
	inferred   1 Adder/Subtractor(s).
	inferred  32 D-type flip-flop(s).
Unit <Count> synthesized.

Synthesizing Unit <Compare>.
    Related source file is "F:\MyProgramme\0arch\PCPU\Compare.v".
    Found 32-bit register for signal <compare>.
    Found 1-bit register for signal <int_>.
    Found 32-bit comparator not equal for signal <count[31]_compare[31]_equal_1_o> created at line 44
    Summary:
	inferred  33 D-type flip-flop(s).
	inferred   1 Comparator(s).
Unit <Compare> synthesized.

Synthesizing Unit <Status>.
    Related source file is "F:\MyProgramme\0arch\PCPU\Status.v".
WARNING:Xst:647 - Input <mtcd<7:3>> is never used. This port will be preserved and left unconnected if it belongs to a top-level block or it belongs to a sub-block and the hierarchy of this sub-block is preserved.
WARNING:Xst:647 - Input <mtcd<21:16>> is never used. This port will be preserved and left unconnected if it belongs to a top-level block or it belongs to a sub-block and the hierarchy of this sub-block is preserved.
WARNING:Xst:647 - Input <mtcd<31:23>> is never used. This port will be preserved and left unconnected if it belongs to a top-level block or it belongs to a sub-block and the hierarchy of this sub-block is preserved.
    Found 1-bit register for signal <IE>.
    Found 1-bit register for signal <BEV>.
    Found 8-bit register for signal <IM>.
    Found 1-bit register for signal <ERL>.
    Found 1-bit register for signal <EXL>.
    Summary:
	inferred  12 D-type flip-flop(s).
	inferred   1 Multiplexer(s).
Unit <Status> synthesized.

Synthesizing Unit <Cause>.
    Related source file is "F:\MyProgramme\0arch\PCPU\Cause.v".
WARNING:Xst:647 - Input <mtcd<1:0>> is never used. This port will be preserved and left unconnected if it belongs to a top-level block or it belongs to a sub-block and the hierarchy of this sub-block is preserved.
WARNING:Xst:647 - Input <mtcd<7:7>> is never used. This port will be preserved and left unconnected if it belongs to a top-level block or it belongs to a sub-block and the hierarchy of this sub-block is preserved.
WARNING:Xst:647 - Input <mtcd<22:10>> is never used. This port will be preserved and left unconnected if it belongs to a top-level block or it belongs to a sub-block and the hierarchy of this sub-block is preserved.
WARNING:Xst:647 - Input <mtcd<30:24>> is never used. This port will be preserved and left unconnected if it belongs to a top-level block or it belongs to a sub-block and the hierarchy of this sub-block is preserved.
    Found 6-bit register for signal <HIP>.
    Found 2-bit register for signal <SIP>.
    Found 5-bit register for signal <ExcCode>.
    Found 1-bit register for signal <IV>.
    Found 1-bit register for signal <BD>.
    Summary:
	inferred  15 D-type flip-flop(s).
	inferred   2 Multiplexer(s).
Unit <Cause> synthesized.

Synthesizing Unit <Epc>.
    Related source file is "F:\MyProgramme\0arch\PCPU\Epc.v".
    Found 32-bit register for signal <epc>.
    Summary:
	inferred  32 D-type flip-flop(s).
	inferred   1 Multiplexer(s).
Unit <Epc> synthesized.

=========================================================================
HDL Synthesis Report

Macro Statistics
# Adders/Subtractors                                   : 2
 32-bit adder                                          : 1
 4-bit subtractor                                      : 1
# Registers                                            : 24
 1-bit register                                        : 8
 19-bit register                                       : 1
 2-bit register                                        : 1
 20-bit register                                       : 2
 3-bit register                                        : 2
 32-bit register                                       : 3
 4-bit register                                        : 3
 5-bit register                                        : 1
 6-bit register                                        : 1
 8-bit register                                        : 2
# Comparators                                          : 2
 32-bit comparator equal                               : 1
 32-bit comparator not equal                           : 1
# Multiplexers                                         : 16
 1-bit 2-to-1 multiplexer                              : 3
 19-bit 2-to-1 multiplexer                             : 1
 20-bit 2-to-1 multiplexer                             : 2
 3-bit 2-to-1 multiplexer                              : 2
 32-bit 15-to-1 multiplexer                            : 1
 32-bit 2-to-1 multiplexer                             : 2
 4-bit 2-to-1 multiplexer                              : 3
 5-bit 2-to-1 multiplexer                              : 1
 8-bit 2-to-1 multiplexer                              : 1

=========================================================================

=========================================================================
*                       Advanced HDL Synthesis                          *
=========================================================================


Synthesizing (advanced) Unit <Count>.
The following registers are absorbed into counter <count>: 1 register on signal <count>.
Unit <Count> synthesized (advanced).

=========================================================================
Advanced HDL Synthesis Report

Macro Statistics
# Adders/Subtractors                                   : 1
 4-bit subtractor                                      : 1
# Counters                                             : 1
 32-bit up counter                                     : 1
# Registers                                            : 178
 Flip-Flops                                            : 178
# Comparators                                          : 2
 32-bit comparator equal                               : 1
 32-bit comparator not equal                           : 1
# Multiplexers                                         : 15
 1-bit 2-to-1 multiplexer                              : 2
 19-bit 2-to-1 multiplexer                             : 1
 20-bit 2-to-1 multiplexer                             : 2
 3-bit 2-to-1 multiplexer                              : 2
 32-bit 15-to-1 multiplexer                            : 1
 32-bit 2-to-1 multiplexer                             : 2
 4-bit 2-to-1 multiplexer                              : 3
 5-bit 2-to-1 multiplexer                              : 1
 8-bit 2-to-1 multiplexer                              : 1

=========================================================================

=========================================================================
*                         Low Level Synthesis                           *
=========================================================================

Optimizing unit <CP0> ...

Optimizing unit <EntryLo> ...

Optimizing unit <EntryHi> ...

Optimizing unit <Compare> ...

Optimizing unit <Status> ...

Optimizing unit <Cause> ...

Optimizing unit <Epc> ...

Optimizing unit <Random> ...

Mapping all equations...
Building and optimizing final netlist ...
Found area constraint ratio of 100 (+ 5) on block CP0, actual ratio is 0.
FlipFlop STATUS/BEV has been replicated 1 time(s) to handle iob=true attribute.
FlipFlop STATUS/IM_7 has been replicated 1 time(s) to handle iob=true attribute.
FlipFlop STATUS/IM_6 has been replicated 1 time(s) to handle iob=true attribute.
FlipFlop STATUS/IM_5 has been replicated 1 time(s) to handle iob=true attribute.
FlipFlop STATUS/IM_4 has been replicated 1 time(s) to handle iob=true attribute.
FlipFlop STATUS/IM_3 has been replicated 1 time(s) to handle iob=true attribute.
FlipFlop STATUS/IM_2 has been replicated 1 time(s) to handle iob=true attribute.
FlipFlop STATUS/IM_1 has been replicated 1 time(s) to handle iob=true attribute.
FlipFlop STATUS/IM_0 has been replicated 1 time(s) to handle iob=true attribute.
FlipFlop STATUS/ERL has been replicated 1 time(s) to handle iob=true attribute.
FlipFlop STATUS/EXL has been replicated 1 time(s) to handle iob=true attribute.
FlipFlop STATUS/IE has been replicated 1 time(s) to handle iob=true attribute.
FlipFlop CAUSE/BD has been replicated 1 time(s) to handle iob=true attribute.
FlipFlop CAUSE/IV has been replicated 1 time(s) to handle iob=true attribute.
FlipFlop CAUSE/HIP_5 has been replicated 1 time(s) to handle iob=true attribute.
FlipFlop CAUSE/HIP_4 has been replicated 1 time(s) to handle iob=true attribute.
FlipFlop CAUSE/HIP_3 has been replicated 1 time(s) to handle iob=true attribute.
FlipFlop CAUSE/HIP_2 has been replicated 1 time(s) to handle iob=true attribute.
FlipFlop CAUSE/HIP_1 has been replicated 1 time(s) to handle iob=true attribute.
FlipFlop CAUSE/HIP_0 has been replicated 1 time(s) to handle iob=true attribute.
FlipFlop CAUSE/SIP_1 has been replicated 1 time(s) to handle iob=true attribute.
FlipFlop CAUSE/SIP_0 has been replicated 1 time(s) to handle iob=true attribute.
FlipFlop CAUSE/ExcCode_4 has been replicated 1 time(s) to handle iob=true attribute.
FlipFlop CAUSE/ExcCode_3 has been replicated 1 time(s) to handle iob=true attribute.
FlipFlop CAUSE/ExcCode_2 has been replicated 1 time(s) to handle iob=true attribute.
FlipFlop CAUSE/ExcCode_1 has been replicated 1 time(s) to handle iob=true attribute.
FlipFlop CAUSE/ExcCode_0 has been replicated 1 time(s) to handle iob=true attribute.
FlipFlop EPC/epc_31 has been replicated 1 time(s) to handle iob=true attribute.
FlipFlop EPC/epc_30 has been replicated 1 time(s) to handle iob=true attribute.
FlipFlop EPC/epc_29 has been replicated 1 time(s) to handle iob=true attribute.
FlipFlop EPC/epc_28 has been replicated 1 time(s) to handle iob=true attribute.
FlipFlop EPC/epc_27 has been replicated 1 time(s) to handle iob=true attribute.
FlipFlop EPC/epc_26 has been replicated 1 time(s) to handle iob=true attribute.
FlipFlop EPC/epc_25 has been replicated 1 time(s) to handle iob=true attribute.
FlipFlop EPC/epc_24 has been replicated 1 time(s) to handle iob=true attribute.
FlipFlop EPC/epc_23 has been replicated 1 time(s) to handle iob=true attribute.
FlipFlop EPC/epc_22 has been replicated 1 time(s) to handle iob=true attribute.
FlipFlop EPC/epc_21 has been replicated 1 time(s) to handle iob=true attribute.
FlipFlop EPC/epc_20 has been replicated 1 time(s) to handle iob=true attribute.
FlipFlop EPC/epc_19 has been replicated 1 time(s) to handle iob=true attribute.
FlipFlop EPC/epc_18 has been replicated 1 time(s) to handle iob=true attribute.
FlipFlop EPC/epc_17 has been replicated 1 time(s) to handle iob=true attribute.
FlipFlop EPC/epc_16 has been replicated 1 time(s) to handle iob=true attribute.
FlipFlop EPC/epc_15 has been replicated 1 time(s) to handle iob=true attribute.
FlipFlop EPC/epc_14 has been replicated 1 time(s) to handle iob=true attribute.
FlipFlop EPC/epc_13 has been replicated 1 time(s) to handle iob=true attribute.
FlipFlop EPC/epc_12 has been replicated 1 time(s) to handle iob=true attribute.
FlipFlop EPC/epc_11 has been replicated 1 time(s) to handle iob=true attribute.
FlipFlop EPC/epc_10 has been replicated 1 time(s) to handle iob=true attribute.
FlipFlop EPC/epc_9 has been replicated 1 time(s) to handle iob=true attribute.
FlipFlop EPC/epc_8 has been replicated 1 time(s) to handle iob=true attribute.
FlipFlop EPC/epc_7 has been replicated 1 time(s) to handle iob=true attribute.
FlipFlop EPC/epc_6 has been replicated 1 time(s) to handle iob=true attribute.
FlipFlop EPC/epc_5 has been replicated 1 time(s) to handle iob=true attribute.
FlipFlop EPC/epc_4 has been replicated 1 time(s) to handle iob=true attribute.
FlipFlop EPC/epc_3 has been replicated 1 time(s) to handle iob=true attribute.
FlipFlop EPC/epc_2 has been replicated 1 time(s) to handle iob=true attribute.
FlipFlop EPC/epc_1 has been replicated 1 time(s) to handle iob=true attribute.
FlipFlop EPC/epc_0 has been replicated 1 time(s) to handle iob=true attribute.
FlipFlop INDEX/P has been replicated 1 time(s) to handle iob=true attribute.
FlipFlop INDEX/INDEX_3 has been replicated 1 time(s) to handle iob=true attribute.
FlipFlop INDEX/INDEX_2 has been replicated 1 time(s) to handle iob=true attribute.
FlipFlop INDEX/INDEX_1 has been replicated 1 time(s) to handle iob=true attribute.
FlipFlop INDEX/INDEX_0 has been replicated 1 time(s) to handle iob=true attribute.
FlipFlop ENTRYLO0/PFN_19 has been replicated 1 time(s) to handle iob=true attribute.
FlipFlop ENTRYLO0/PFN_18 has been replicated 1 time(s) to handle iob=true attribute.
FlipFlop ENTRYLO0/PFN_17 has been replicated 1 time(s) to handle iob=true attribute.
FlipFlop ENTRYLO0/PFN_16 has been replicated 1 time(s) to handle iob=true attribute.
FlipFlop ENTRYLO0/PFN_15 has been replicated 1 time(s) to handle iob=true attribute.
FlipFlop ENTRYLO0/PFN_14 has been replicated 1 time(s) to handle iob=true attribute.
FlipFlop ENTRYLO0/PFN_13 has been replicated 1 time(s) to handle iob=true attribute.
FlipFlop ENTRYLO0/PFN_12 has been replicated 1 time(s) to handle iob=true attribute.
FlipFlop ENTRYLO0/PFN_11 has been replicated 1 time(s) to handle iob=true attribute.
FlipFlop ENTRYLO0/PFN_10 has been replicated 1 time(s) to handle iob=true attribute.
FlipFlop ENTRYLO0/PFN_9 has been replicated 1 time(s) to handle iob=true attribute.
FlipFlop ENTRYLO0/PFN_8 has been replicated 1 time(s) to handle iob=true attribute.
FlipFlop ENTRYLO0/PFN_7 has been replicated 1 time(s) to handle iob=true attribute.
FlipFlop ENTRYLO0/PFN_6 has been replicated 1 time(s) to handle iob=true attribute.
FlipFlop ENTRYLO0/PFN_5 has been replicated 1 time(s) to handle iob=true attribute.
FlipFlop ENTRYLO0/PFN_4 has been replicated 1 time(s) to handle iob=true attribute.
FlipFlop ENTRYLO0/PFN_3 has been replicated 1 time(s) to handle iob=true attribute.
FlipFlop ENTRYLO0/PFN_2 has been replicated 1 time(s) to handle iob=true attribute.
FlipFlop ENTRYLO0/PFN_1 has been replicated 1 time(s) to handle iob=true attribute.
FlipFlop ENTRYLO0/PFN_0 has been replicated 1 time(s) to handle iob=true attribute.
FlipFlop ENTRYLO0/DVG_2 has been replicated 1 time(s) to handle iob=true attribute.
FlipFlop ENTRYLO0/DVG_1 has been replicated 1 time(s) to handle iob=true attribute.
FlipFlop ENTRYLO0/DVG_0 has been replicated 1 time(s) to handle iob=true attribute.
FlipFlop ENTRYLO1/PFN_19 has been replicated 1 time(s) to handle iob=true attribute.
FlipFlop ENTRYLO1/PFN_18 has been replicated 1 time(s) to handle iob=true attribute.
FlipFlop ENTRYLO1/PFN_17 has been replicated 1 time(s) to handle iob=true attribute.
FlipFlop ENTRYLO1/PFN_16 has been replicated 1 time(s) to handle iob=true attribute.
FlipFlop ENTRYLO1/PFN_15 has been replicated 1 time(s) to handle iob=true attribute.
FlipFlop ENTRYLO1/PFN_14 has been replicated 1 time(s) to handle iob=true attribute.
FlipFlop ENTRYLO1/PFN_13 has been replicated 1 time(s) to handle iob=true attribute.
FlipFlop ENTRYLO1/PFN_12 has been replicated 1 time(s) to handle iob=true attribute.
FlipFlop ENTRYLO1/PFN_11 has been replicated 1 time(s) to handle iob=true attribute.
FlipFlop ENTRYLO1/PFN_10 has been replicated 1 time(s) to handle iob=true attribute.
FlipFlop ENTRYLO1/PFN_9 has been replicated 1 time(s) to handle iob=true attribute.
FlipFlop ENTRYLO1/PFN_8 has been replicated 1 time(s) to handle iob=true attribute.
FlipFlop ENTRYLO1/PFN_7 has been replicated 1 time(s) to handle iob=true attribute.
FlipFlop ENTRYLO1/PFN_6 has been replicated 1 time(s) to handle iob=true attribute.
FlipFlop ENTRYLO1/PFN_5 has been replicated 1 time(s) to handle iob=true attribute.
FlipFlop ENTRYLO1/PFN_4 has been replicated 1 time(s) to handle iob=true attribute.
FlipFlop ENTRYLO1/PFN_3 has been replicated 1 time(s) to handle iob=true attribute.
FlipFlop ENTRYLO1/PFN_2 has been replicated 1 time(s) to handle iob=true attribute.
FlipFlop ENTRYLO1/PFN_1 has been replicated 1 time(s) to handle iob=true attribute.
FlipFlop ENTRYLO1/PFN_0 has been replicated 1 time(s) to handle iob=true attribute.
FlipFlop ENTRYLO1/DVG_2 has been replicated 1 time(s) to handle iob=true attribute.
FlipFlop ENTRYLO1/DVG_1 has been replicated 1 time(s) to handle iob=true attribute.
FlipFlop ENTRYLO1/DVG_0 has been replicated 1 time(s) to handle iob=true attribute.
FlipFlop ENTRYHI/VPN2_18 has been replicated 1 time(s) to handle iob=true attribute.
FlipFlop ENTRYHI/VPN2_17 has been replicated 1 time(s) to handle iob=true attribute.
FlipFlop ENTRYHI/VPN2_16 has been replicated 1 time(s) to handle iob=true attribute.
FlipFlop ENTRYHI/VPN2_15 has been replicated 1 time(s) to handle iob=true attribute.
FlipFlop ENTRYHI/VPN2_14 has been replicated 1 time(s) to handle iob=true attribute.
FlipFlop ENTRYHI/VPN2_13 has been replicated 1 time(s) to handle iob=true attribute.
FlipFlop ENTRYHI/VPN2_12 has been replicated 1 time(s) to handle iob=true attribute.
FlipFlop ENTRYHI/VPN2_11 has been replicated 1 time(s) to handle iob=true attribute.
FlipFlop ENTRYHI/VPN2_10 has been replicated 1 time(s) to handle iob=true attribute.
FlipFlop ENTRYHI/VPN2_9 has been replicated 1 time(s) to handle iob=true attribute.
FlipFlop ENTRYHI/VPN2_8 has been replicated 1 time(s) to handle iob=true attribute.
FlipFlop ENTRYHI/VPN2_7 has been replicated 1 time(s) to handle iob=true attribute.
FlipFlop ENTRYHI/VPN2_6 has been replicated 1 time(s) to handle iob=true attribute.
FlipFlop ENTRYHI/VPN2_5 has been replicated 1 time(s) to handle iob=true attribute.
FlipFlop ENTRYHI/VPN2_4 has been replicated 1 time(s) to handle iob=true attribute.
FlipFlop ENTRYHI/VPN2_3 has been replicated 1 time(s) to handle iob=true attribute.
FlipFlop ENTRYHI/VPN2_2 has been replicated 1 time(s) to handle iob=true attribute.
FlipFlop ENTRYHI/VPN2_1 has been replicated 1 time(s) to handle iob=true attribute.
FlipFlop ENTRYHI/VPN2_0 has been replicated 1 time(s) to handle iob=true attribute.
FlipFlop ENTRYHI/ASID_7 has been replicated 1 time(s) to handle iob=true attribute.
FlipFlop ENTRYHI/ASID_6 has been replicated 1 time(s) to handle iob=true attribute.
FlipFlop ENTRYHI/ASID_5 has been replicated 1 time(s) to handle iob=true attribute.
FlipFlop ENTRYHI/ASID_4 has been replicated 1 time(s) to handle iob=true attribute.
FlipFlop ENTRYHI/ASID_3 has been replicated 1 time(s) to handle iob=true attribute.
FlipFlop ENTRYHI/ASID_2 has been replicated 1 time(s) to handle iob=true attribute.
FlipFlop ENTRYHI/ASID_1 has been replicated 1 time(s) to handle iob=true attribute.
FlipFlop ENTRYHI/ASID_0 has been replicated 1 time(s) to handle iob=true attribute.

Final Macro Processing ...

=========================================================================
Final Register Report

Macro Statistics
# Registers                                            : 347
 Flip-Flops                                            : 347

=========================================================================

=========================================================================
*                           Partition Report                            *
=========================================================================

Partition Implementation Status
-------------------------------

  No Partitions were found in this design.

-------------------------------

=========================================================================
*                            Design Summary                             *
=========================================================================

Top Level Output File Name         : CP0.ngc

Primitive and Black Box Usage:
------------------------------
# BELS                             : 380
#      GND                         : 1
#      INV                         : 1
#      LUT1                        : 31
#      LUT2                        : 1
#      LUT3                        : 139
#      LUT4                        : 9
#      LUT5                        : 46
#      LUT6                        : 74
#      MUXCY                       : 44
#      MUXF7                       : 1
#      VCC                         : 1
#      XORCY                       : 32
# FlipFlops/Latches                : 347
#      FD                          : 32
#      FDC                         : 247
#      FDCE                        : 12
#      FDP                         : 4
#      FDPE                        : 52
# Clock Buffers                    : 1
#      BUFGP                       : 1
# IO Buffers                       : 451
#      IBUF                        : 162
#      OBUF                        : 289

Device utilization summary:
---------------------------

Selected Device : 7k325tffg676-2l 


Slice Logic Utilization: 
 Number of Slice Registers:             204  out of  407600     0%  
 Number of Slice LUTs:                  301  out of  203800     0%  
    Number used as Logic:               301  out of  203800     0%  

Slice Logic Distribution: 
 Number of LUT Flip Flop pairs used:    319
   Number with an unused Flip Flop:     115  out of    319    36%  
   Number with an unused LUT:            18  out of    319     5%  
   Number of fully used LUT-FF pairs:   186  out of    319    58%  
   Number of unique control sets:         6

IO Utilization: 
 Number of IOs:                         452
 Number of bonded IOBs:                 452  out of    400   113% (*) 
    IOB Flip Flops/Latches:             143

Specific Feature Utilization:
 Number of BUFG/BUFGCTRLs:                1  out of     32     3%  

WARNING:Xst:1336 -  (*) More than 100% of Device resources are used

---------------------------
Partition Resource Summary:
---------------------------

  No Partitions were found in this design.

---------------------------


=========================================================================
Timing Report

NOTE: THESE TIMING NUMBERS ARE ONLY A SYNTHESIS ESTIMATE.
      FOR ACCURATE TIMING INFORMATION PLEASE REFER TO THE TRACE REPORT
      GENERATED AFTER PLACE-and-ROUTE.

Clock Information:
------------------
-----------------------------------+------------------------+-------+
Clock Signal                       | Clock buffer(FF name)  | Load  |
-----------------------------------+------------------------+-------+
clk                                | BUFGP                  | 347   |
-----------------------------------+------------------------+-------+

Asynchronous Control Signals Information:
----------------------------------------
No asynchronous control signals found in this design

Timing Summary:
---------------
Speed Grade: -2

   Minimum period: 1.610ns (Maximum Frequency: 621.292MHz)
   Minimum input arrival time before clock: 1.704ns
   Maximum output required time after clock: 2.158ns
   Maximum combinational path delay: 2.165ns

Timing Details:
---------------
All values displayed in nanoseconds (ns)

=========================================================================
Timing constraint: Default period analysis for Clock 'clk'
  Clock period: 1.610ns (frequency: 621.292MHz)
  Total number of paths / destination ports: 635 / 37
-------------------------------------------------------------------------
Delay:               1.610ns (Levels of Logic = 3)
  Source:            WIRED/WIRED_1 (FF)
  Destination:       RANDOM/RANDOM_3 (FF)
  Source Clock:      clk rising
  Destination Clock: clk rising

  Data Path: WIRED/WIRED_1 to RANDOM/RANDOM_3
                                Gate     Net
    Cell:in->out      fanout   Delay   Delay  Logical Name (Net Name)
    ----------------------------------------  ------------
     FDCE:C->Q             2   0.236   0.527  WIRED/WIRED_1 (WIRED/WIRED_1)
     LUT4:I0->O            1   0.043   0.350  RANDOM/GND_3_o_Wired[31]_equal_1_o4_SW0 (N11)
     LUT5:I4->O            4   0.043   0.367  RANDOM/GND_3_o_Wired[31]_equal_1_o4 (RANDOM/GND_3_o_Wired[31]_equal_1_o)
     LUT5:I4->O            1   0.043   0.000  RANDOM/Mmux_RANDOM[3]_PWR_3_o_mux_3_OUT31 (RANDOM/RANDOM[3]_PWR_3_o_mux_3_OUT<2>)
     FDP:D                    -0.000          RANDOM/RANDOM_2
    ----------------------------------------
    Total                      1.610ns (0.365ns logic, 1.245ns route)
                                       (22.7% logic, 77.3% route)

=========================================================================
Timing constraint: Default OFFSET IN BEFORE for Clock 'clk'
  Total number of paths / destination ports: 2683 / 694
-------------------------------------------------------------------------
Offset:              1.704ns (Levels of Logic = 4)
  Source:            r_reg<3> (PAD)
  Destination:       COMPARE/int_ (FF)
  Destination Clock: clk rising

  Data Path: r_reg<3> to COMPARE/int_
                                Gate     Net
    Cell:in->out      fanout   Delay   Delay  Logical Name (Net Name)
    ----------------------------------------  ------------
     IBUF:I->O            60   0.000   0.748  r_reg_3_IBUF (r_reg_3_IBUF)
     LUT6:I0->O           33   0.043   0.480  compare_we1 (compare_we)
     LUT2:I1->O            1   0.043   0.000  COMPARE/int__rstpot_lut1 (COMPARE/int__rstpot_lut1)
     MUXCY:S->O            1   0.390   0.000  COMPARE/int__rstpot_cy1 (COMPARE/int__rstpot)
     FDC:D                    -0.000          COMPARE/int_
    ----------------------------------------
    Total                      1.704ns (0.476ns logic, 1.228ns route)
                                       (27.9% logic, 72.1% route)

=========================================================================
Timing constraint: Default OFFSET OUT AFTER for Clock 'clk'
  Total number of paths / destination ports: 351 / 174
-------------------------------------------------------------------------
Offset:              2.158ns (Levels of Logic = 4)
  Source:            COMPARE/compare_12 (FF)
  Destination:       data_out<12> (PAD)
  Source Clock:      clk rising

  Data Path: COMPARE/compare_12 to data_out<12>
                                Gate     Net
    Cell:in->out      fanout   Delay   Delay  Logical Name (Net Name)
    ----------------------------------------  ------------
     FDPE:C->Q             2   0.236   0.500  COMPARE/compare_12 (COMPARE/compare_12)
     LUT5:I2->O            1   0.043   0.350  Mmux_data_out41 (Mmux_data_out4)
     LUT6:I5->O            1   0.043   0.603  Mmux_data_out42 (Mmux_data_out41)
     LUT6:I1->O            1   0.043   0.339  Mmux_data_out44 (data_out_12_OBUF)
     OBUF:I->O                 0.000          data_out_12_OBUF (data_out<12>)
    ----------------------------------------
    Total                      2.158ns (0.365ns logic, 1.793ns route)
                                       (16.9% logic, 83.1% route)

=========================================================================
Timing constraint: Default path analysis
  Total number of paths / destination ports: 392 / 32
-------------------------------------------------------------------------
Delay:               2.165ns (Levels of Logic = 5)
  Source:            r_reg<2> (PAD)
  Destination:       data_out<12> (PAD)

  Data Path: r_reg<2> to data_out<12>
                                Gate     Net
    Cell:in->out      fanout   Delay   Delay  Logical Name (Net Name)
    ----------------------------------------  ------------
     IBUF:I->O            90   0.000   0.744  r_reg_2_IBUF (r_reg_2_IBUF)
     LUT5:I0->O            1   0.043   0.350  Mmux_data_out25 (Mmux_data_out2)
     LUT6:I5->O            1   0.043   0.603  Mmux_data_out210 (Mmux_data_out21)
     LUT6:I1->O            1   0.043   0.339  Mmux_data_out212 (data_out_10_OBUF)
     OBUF:I->O                 0.000          data_out_10_OBUF (data_out<10>)
    ----------------------------------------
    Total                      2.165ns (0.129ns logic, 2.036ns route)
                                       (6.0% logic, 94.0% route)

=========================================================================

Cross Clock Domains Report:
--------------------------

Clock to Setup on destination clock clk
---------------+---------+---------+---------+---------+
               | Src:Rise| Src:Fall| Src:Rise| Src:Fall|
Source Clock   |Dest:Rise|Dest:Rise|Dest:Fall|Dest:Fall|
---------------+---------+---------+---------+---------+
clk            |    1.610|         |         |         |
---------------+---------+---------+---------+---------+

=========================================================================


Total REAL time to Xst completion: 14.00 secs
Total CPU time to Xst completion: 13.58 secs
 
--> 

Total memory usage is 449656 kilobytes

Number of errors   :    0 (   0 filtered)
Number of warnings :   13 (   0 filtered)
Number of infos    :    0 (   0 filtered)

