Release 14.7 - xst P.20131013 (nt64)
Copyright (c) 1995-2013 Xilinx, Inc.  All rights reserved.
--> Parameter TMPDIR set to xst/projnav.tmp


Total REAL time to Xst completion: 0.00 secs
Total CPU time to Xst completion: 0.09 secs
 
--> Parameter xsthdpdir set to xst


Total REAL time to Xst completion: 0.00 secs
Total CPU time to Xst completion: 0.09 secs
 
--> Reading design: I_cache.prj

TABLE OF CONTENTS
  1) Synthesis Options Summary
  2) HDL Parsing
  3) HDL Elaboration
  4) HDL Synthesis
       4.1) HDL Synthesis Report
  5) Advanced HDL Synthesis
       5.1) Advanced HDL Synthesis Report
  6) Low Level Synthesis
  7) Partition Report
  8) Design Summary
       8.1) Primitive and Black Box Usage
       8.2) Device utilization summary
       8.3) Partition Resource Summary
       8.4) Timing Report
            8.4.1) Clock Information
            8.4.2) Asynchronous Control Signals Information
            8.4.3) Timing Summary
            8.4.4) Timing Details
            8.4.5) Cross Clock Domains Report


=========================================================================
*                      Synthesis Options Summary                        *
=========================================================================
---- Source Parameters
Input File Name                    : "I_cache.prj"
Ignore Synthesis Constraint File   : NO

---- Target Parameters
Output File Name                   : "I_cache"
Output Format                      : NGC
Target Device                      : xc7k325t-2L-ffg676

---- Source Options
Top Module Name                    : I_cache
Automatic FSM Extraction           : YES
FSM Encoding Algorithm             : Auto
Safe Implementation                : No
FSM Style                          : LUT
RAM Extraction                     : Yes
RAM Style                          : Auto
ROM Extraction                     : Yes
Shift Register Extraction          : YES
ROM Style                          : Auto
Resource Sharing                   : YES
Asynchronous To Synchronous        : NO
Shift Register Minimum Size        : 2
Use DSP Block                      : Auto
Automatic Register Balancing       : No

---- Target Options
LUT Combining                      : Auto
Reduce Control Sets                : Auto
Add IO Buffers                     : YES
Global Maximum Fanout              : 100000
Add Generic Clock Buffer(BUFG)     : 32
Register Duplication               : YES
Optimize Instantiated Primitives   : NO
Use Clock Enable                   : Auto
Use Synchronous Set                : Auto
Use Synchronous Reset              : Auto
Pack IO Registers into IOBs        : Auto
Equivalent register Removal        : YES

---- General Options
Optimization Goal                  : Speed
Optimization Effort                : 1
Power Reduction                    : NO
Keep Hierarchy                     : No
Netlist Hierarchy                  : As_Optimized
RTL Output                         : Yes
Global Optimization                : AllClockNets
Read Cores                         : YES
Write Timing Constraints           : NO
Cross Clock Analysis               : NO
Hierarchy Separator                : /
Bus Delimiter                      : <>
Case Specifier                     : Maintain
Slice Utilization Ratio            : 100
BRAM Utilization Ratio             : 100
DSP48 Utilization Ratio            : 100
Auto BRAM Packing                  : NO
Slice Utilization Ratio Delta      : 5

---- Other Options
Cores Search Directories           : {"ipcore_dir"  }

=========================================================================


=========================================================================
*                          HDL Parsing                                  *
=========================================================================
Analyzing Verilog file "F:\MyProgramme\0arch\PCPU\I_cache.v" into library work
Parsing module <I_cache>.

=========================================================================
*                            HDL Elaboration                            *
=========================================================================

Elaborating module <I_cache>.

=========================================================================
*                           HDL Synthesis                               *
=========================================================================

Synthesizing Unit <I_cache>.
    Related source file is "F:\MyProgramme\0arch\PCPU\I_cache.v".
        START = 2'b00
        FETCH = 2'b01
        STORE = 2'b10
WARNING:Xst:647 - Input <op<3:3>> is never used. This port will be preserved and left unconnected if it belongs to a top-level block or it belongs to a sub-block and the hierarchy of this sub-block is preserved.
WARNING:Xst:647 - Input <op<6:6>> is never used. This port will be preserved and left unconnected if it belongs to a top-level block or it belongs to a sub-block and the hierarchy of this sub-block is preserved.
WARNING:Xst:647 - Input <Tag_Lo<31:20>> is never used. This port will be preserved and left unconnected if it belongs to a top-level block or it belongs to a sub-block and the hierarchy of this sub-block is preserved.
WARNING:Xst:647 - Input <Tag_Hi> is never used. This port will be preserved and left unconnected if it belongs to a top-level block or it belongs to a sub-block and the hierarchy of this sub-block is preserved.
    Found 256x20-bit dual-port RAM <Mram_tag0> for signal <tag0>.
    Found 256x20-bit dual-port RAM <Mram_tag1> for signal <tag1>.
    Found 256x2-bit dual-port RAM <Mram_count0> for signal <count0>.
    Found 256x2-bit dual-port RAM <Mram_count1> for signal <count1>.
    Found 32-bit register for signal <data_w_0_1>.
    Found 32-bit register for signal <data_w_0_2>.
    Found 32-bit register for signal <data_w_0_3>.
    Found 1-bit register for signal <v_0>.
    Found 20-bit register for signal <tag_0>.
    Found 2-bit register for signal <count_0>.
    Found 32-bit register for signal <data_w_1_0>.
    Found 32-bit register for signal <data_w_1_1>.
    Found 32-bit register for signal <data_w_1_2>.
    Found 32-bit register for signal <data_w_1_3>.
    Found 1-bit register for signal <v_1>.
    Found 20-bit register for signal <tag_1>.
    Found 2-bit register for signal <count_1>.
    Found 2-bit register for signal <cur_state>.
    Found 32-bit register for signal <data_w_0_0>.
    Found finite state machine <FSM_0> for signal <cur_state>.
    -----------------------------------------------------------------------
    | States             | 3                                              |
    | Transitions        | 9                                              |
    | Inputs             | 4                                              |
    | Outputs            | 5                                              |
    | Clock              | clk (rising_edge)                              |
    | Reset              | rst (positive)                                 |
    | Reset type         | synchronous                                    |
    | Reset State        | 00                                             |
    | Encoding           | auto                                           |
    | Implementation     | LUT                                            |
    -----------------------------------------------------------------------
    Found 512x128-bit dual-port RAM <Mram_data> for signal <data>.
    Found 512x1-bit dual-port RAM <Mram_v> for signal <v>.
    Found 4x2-bit Read Only RAM for signal <count_1[1]_PWR_1_o_wide_mux_91_OUT>
    Found 4x2-bit Read Only RAM for signal <count_0[1]_PWR_1_o_wide_mux_92_OUT>
    Found 32-bit 4-to-1 multiplexer for signal <data_w_0_res> created at line 85.
    Found 32-bit 4-to-1 multiplexer for signal <data_w_1_res> created at line 85.
    Found 9-bit 4-to-1 multiplexer for signal <tag1_addr> created at line 145.
    Found 20-bit 4-to-1 multiplexer for signal <tag1_data> created at line 145.
    Found 1-bit 4-to-1 multiplexer for signal <tag1_w> created at line 145.
    Found 9-bit 4-to-1 multiplexer for signal <tag0_addr> created at line 145.
    Found 20-bit 4-to-1 multiplexer for signal <tag0_data> created at line 145.
    Found 1-bit 4-to-1 multiplexer for signal <tag0_w> created at line 145.
    Found 9-bit 4-to-1 multiplexer for signal <v_addr> created at line 145.
    Found 1-bit 4-to-1 multiplexer for signal <cache_err> created at line 145.
    Found 32-bit 3-to-1 multiplexer for signal <mem_addr> created at line 145.
    Found 20-bit comparator equal for signal <tag_0[19]_tag_[19]_equal_25_o> created at line 95
    Found 20-bit comparator equal for signal <tag_1[19]_tag_[19]_equal_26_o> created at line 96
    Found 2-bit comparator greater for signal <count_0[1]_count_1[1]_LessThan_65_o> created at line 199
    Summary:
	inferred  10 RAM(s).
	inferred 302 D-type flip-flop(s).
	inferred   3 Comparator(s).
	inferred  77 Multiplexer(s).
	inferred   1 Finite State Machine(s).
Unit <I_cache> synthesized.

=========================================================================
HDL Synthesis Report

Macro Statistics
# RAMs                                                 : 10
 256x2-bit dual-port RAM                               : 2
 256x20-bit dual-port RAM                              : 2
 4x2-bit single-port Read Only RAM                     : 2
 512x1-bit dual-port RAM                               : 2
 512x128-bit dual-port RAM                             : 2
# Registers                                            : 8
 1-bit register                                        : 2
 128-bit register                                      : 2
 2-bit register                                        : 2
 20-bit register                                       : 2
# Comparators                                          : 3
 2-bit comparator greater                              : 1
 20-bit comparator equal                               : 2
# Multiplexers                                         : 77
 1-bit 2-to-1 multiplexer                              : 27
 1-bit 4-to-1 multiplexer                              : 3
 128-bit 2-to-1 multiplexer                            : 1
 2-bit 2-to-1 multiplexer                              : 2
 20-bit 2-to-1 multiplexer                             : 10
 20-bit 4-to-1 multiplexer                             : 2
 32-bit 2-to-1 multiplexer                             : 11
 32-bit 3-to-1 multiplexer                             : 1
 32-bit 4-to-1 multiplexer                             : 2
 9-bit 2-to-1 multiplexer                              : 15
 9-bit 4-to-1 multiplexer                              : 3
# FSMs                                                 : 1

=========================================================================

=========================================================================
*                       Advanced HDL Synthesis                          *
=========================================================================


Synthesizing (advanced) Unit <I_cache>.
INFO:Xst:3226 - The RAM <Mram_tag0> will be implemented as a BLOCK RAM, absorbing the following register(s): <tag_0>
    -----------------------------------------------------------------------
    | ram_type           | Block                               |          |
    -----------------------------------------------------------------------
    | Port A                                                              |
    |     aspect ratio   | 256-word x 20-bit                   |          |
    |     mode           | read-first                          |          |
    |     clkA           | connected to signal <clk>           | rise     |
    |     weA            | connected to signal <tag0_w>        | high     |
    |     addrA          | connected to signal <tag0_addr>     |          |
    |     diA            | connected to signal <tag0_data>     |          |
    -----------------------------------------------------------------------
    | optimization       | speed                               |          |
    -----------------------------------------------------------------------
    | Port B                                                              |
    |     aspect ratio   | 256-word x 20-bit                   |          |
    |     mode           | read-first                          |          |
    |     clkB           | connected to signal <clk>           | rise     |
    |     addrB          | connected to signal <addr<11:4>>    |          |
    |     doB            | connected to signal <tag_0>         |          |
    -----------------------------------------------------------------------
    | optimization       | speed                               |          |
    -----------------------------------------------------------------------
INFO:Xst:3226 - The RAM <Mram_tag1> will be implemented as a BLOCK RAM, absorbing the following register(s): <tag_1>
    -----------------------------------------------------------------------
    | ram_type           | Block                               |          |
    -----------------------------------------------------------------------
    | Port A                                                              |
    |     aspect ratio   | 256-word x 20-bit                   |          |
    |     mode           | read-first                          |          |
    |     clkA           | connected to signal <clk>           | rise     |
    |     weA            | connected to signal <tag1_w>        | high     |
    |     addrA          | connected to signal <tag1_addr>     |          |
    |     diA            | connected to signal <tag1_data>     |          |
    -----------------------------------------------------------------------
    | optimization       | speed                               |          |
    -----------------------------------------------------------------------
    | Port B                                                              |
    |     aspect ratio   | 256-word x 20-bit                   |          |
    |     mode           | read-first                          |          |
    |     clkB           | connected to signal <clk>           | rise     |
    |     addrB          | connected to signal <addr<11:4>>    |          |
    |     doB            | connected to signal <tag_1>         |          |
    -----------------------------------------------------------------------
    | optimization       | speed                               |          |
    -----------------------------------------------------------------------
INFO:Xst:3231 - The small RAM <Mram_v1> will be implemented on LUTs in order to maximize performance and save block RAM resources. If you want to force its implementation on block, use option/constraint ram_style.
    -----------------------------------------------------------------------
    | ram_type           | Distributed                         |          |
    -----------------------------------------------------------------------
    | Port A                                                              |
    |     aspect ratio   | 512-word x 1-bit                    |          |
    |     clkA           | connected to signal <clk>           | rise     |
    |     weA            | connected to signal <v_w>           | high     |
    |     addrA          | connected to signal <v_addr>        |          |
    |     diA            | connected to signal <data_w>        |          |
    -----------------------------------------------------------------------
    | Port B                                                              |
    |     aspect ratio   | 512-word x 1-bit                    |          |
    |     addrB          | connected to signal <("1",addr<11:4>)> |          |
    |     doB            | connected to internal node          |          |
    -----------------------------------------------------------------------
INFO:Xst:3231 - The small RAM <Mram_v> will be implemented on LUTs in order to maximize performance and save block RAM resources. If you want to force its implementation on block, use option/constraint ram_style.
    -----------------------------------------------------------------------
    | ram_type           | Distributed                         |          |
    -----------------------------------------------------------------------
    | Port A                                                              |
    |     aspect ratio   | 512-word x 1-bit                    |          |
    |     clkA           | connected to signal <clk>           | rise     |
    |     weA            | connected to signal <v_w>           | high     |
    |     addrA          | connected to signal <v_addr>        |          |
    |     diA            | connected to signal <data_w>        |          |
    -----------------------------------------------------------------------
    | Port B                                                              |
    |     aspect ratio   | 512-word x 1-bit                    |          |
    |     addrB          | connected to signal <("0",addr<11:4>)> |          |
    |     doB            | connected to internal node          |          |
    -----------------------------------------------------------------------
INFO:Xst:3231 - The small RAM <Mram_count_0[1]_PWR_1_o_wide_mux_92_OUT> will be implemented on LUTs in order to maximize performance and save block RAM resources. If you want to force its implementation on block, use option/constraint ram_style.
    -----------------------------------------------------------------------
    | ram_type           | Distributed                         |          |
    -----------------------------------------------------------------------
    | Port A                                                              |
    |     aspect ratio   | 4-word x 2-bit                      |          |
    |     weA            | connected to signal <GND>           | high     |
    |     addrA          | connected to signal <count_0>       |          |
    |     diA            | connected to signal <GND>           |          |
    |     doA            | connected to internal node          |          |
    -----------------------------------------------------------------------
INFO:Xst:3231 - The small RAM <Mram_count_1[1]_PWR_1_o_wide_mux_91_OUT> will be implemented on LUTs in order to maximize performance and save block RAM resources. If you want to force its implementation on block, use option/constraint ram_style.
    -----------------------------------------------------------------------
    | ram_type           | Distributed                         |          |
    -----------------------------------------------------------------------
    | Port A                                                              |
    |     aspect ratio   | 4-word x 2-bit                      |          |
    |     weA            | connected to signal <GND>           | high     |
    |     addrA          | connected to signal <count_1>       |          |
    |     diA            | connected to signal <GND>           |          |
    |     doA            | connected to internal node          |          |
    -----------------------------------------------------------------------
INFO:Xst:3226 - The RAM <Mram_data> will be implemented as a BLOCK RAM, absorbing the following register(s): <data_w_0_0_data_w_0_1_data_w_0_2_data_w_0_3>
    -----------------------------------------------------------------------
    | ram_type           | Block                               |          |
    -----------------------------------------------------------------------
    | Port A                                                              |
    |     aspect ratio   | 512-word x 128-bit                  |          |
    |     mode           | read-first                          |          |
    |     clkA           | connected to signal <clk>           | rise     |
    |     weA            | connected to signal <data_w>        | high     |
    |     addrA          | connected to signal <data_addr>     |          |
    |     diA            | connected to signal <data_data>     |          |
    -----------------------------------------------------------------------
    | optimization       | speed                               |          |
    -----------------------------------------------------------------------
    | Port B                                                              |
    |     aspect ratio   | 512-word x 128-bit                  |          |
    |     mode           | read-first                          |          |
    |     clkB           | connected to signal <clk>           | rise     |
    |     addrB          | connected to signal <("0",addr<11:4>)> |          |
    |     doB            | connected to internal node          |          |
    -----------------------------------------------------------------------
    | optimization       | speed                               |          |
    -----------------------------------------------------------------------
INFO:Xst:3226 - The RAM <Mram_data1> will be implemented as a BLOCK RAM, absorbing the following register(s): <data_w_1_0_data_w_1_1_data_w_1_2_data_w_1_3>
    -----------------------------------------------------------------------
    | ram_type           | Block                               |          |
    -----------------------------------------------------------------------
    | Port A                                                              |
    |     aspect ratio   | 512-word x 128-bit                  |          |
    |     mode           | read-first                          |          |
    |     clkA           | connected to signal <clk>           | rise     |
    |     weA            | connected to signal <data_w>        | high     |
    |     addrA          | connected to signal <data_addr>     |          |
    |     diA            | connected to signal <data_data>     |          |
    -----------------------------------------------------------------------
    | optimization       | speed                               |          |
    -----------------------------------------------------------------------
    | Port B                                                              |
    |     aspect ratio   | 512-word x 128-bit                  |          |
    |     mode           | read-first                          |          |
    |     clkB           | connected to signal <clk>           | rise     |
    |     addrB          | connected to signal <("1",addr<11:4>)> |          |
    |     doB            | connected to internal node          |          |
    -----------------------------------------------------------------------
    | optimization       | speed                               |          |
    -----------------------------------------------------------------------
INFO:Xst:3231 - The small RAM <Mram_count0> will be implemented on LUTs in order to maximize performance and save block RAM resources. If you want to force its implementation on block, use option/constraint ram_style.
    -----------------------------------------------------------------------
    | ram_type           | Distributed                         |          |
    -----------------------------------------------------------------------
    | Port A                                                              |
    |     aspect ratio   | 256-word x 2-bit                    |          |
    |     clkA           | connected to signal <clk>           | rise     |
    |     weA            | connected to signal <count0_w>      | high     |
    |     addrA          | connected to signal <addr<11:4>>    |          |
    |     diA            | connected to signal <count0_data>   |          |
    -----------------------------------------------------------------------
    | Port B                                                              |
    |     aspect ratio   | 256-word x 2-bit                    |          |
    |     addrB          | connected to signal <addr<11:4>>    |          |
    |     doB            | connected to internal node          |          |
    -----------------------------------------------------------------------
INFO:Xst:3231 - The small RAM <Mram_count1> will be implemented on LUTs in order to maximize performance and save block RAM resources. If you want to force its implementation on block, use option/constraint ram_style.
    -----------------------------------------------------------------------
    | ram_type           | Distributed                         |          |
    -----------------------------------------------------------------------
    | Port A                                                              |
    |     aspect ratio   | 256-word x 2-bit                    |          |
    |     clkA           | connected to signal <clk>           | rise     |
    |     weA            | connected to signal <count1_w>      | high     |
    |     addrA          | connected to signal <addr<11:4>>    |          |
    |     diA            | connected to signal <count1_data>   |          |
    -----------------------------------------------------------------------
    | Port B                                                              |
    |     aspect ratio   | 256-word x 2-bit                    |          |
    |     addrB          | connected to signal <addr<11:4>>    |          |
    |     doB            | connected to internal node          |          |
    -----------------------------------------------------------------------
Unit <I_cache> synthesized (advanced).

=========================================================================
Advanced HDL Synthesis Report

Macro Statistics
# RAMs                                                 : 10
 256x2-bit dual-port distributed RAM                   : 2
 256x20-bit dual-port block RAM                        : 2
 4x2-bit single-port distributed Read Only RAM         : 2
 512x1-bit dual-port distributed RAM                   : 2
 512x128-bit dual-port block RAM                       : 2
# Registers                                            : 6
 Flip-Flops                                            : 6
# Comparators                                          : 3
 2-bit comparator greater                              : 1
 20-bit comparator equal                               : 2
# Multiplexers                                         : 77
 1-bit 2-to-1 multiplexer                              : 27
 1-bit 4-to-1 multiplexer                              : 3
 128-bit 2-to-1 multiplexer                            : 1
 2-bit 2-to-1 multiplexer                              : 2
 20-bit 2-to-1 multiplexer                             : 10
 20-bit 4-to-1 multiplexer                             : 2
 32-bit 2-to-1 multiplexer                             : 11
 32-bit 3-to-1 multiplexer                             : 1
 32-bit 4-to-1 multiplexer                             : 2
 9-bit 2-to-1 multiplexer                              : 15
 9-bit 4-to-1 multiplexer                              : 3
# FSMs                                                 : 1

=========================================================================

=========================================================================
*                         Low Level Synthesis                           *
=========================================================================
Analyzing FSM <MFsm> for best encoding.
Optimizing FSM <FSM_0> on signal <cur_state[1:2]> with user encoding.
-------------------
 State | Encoding
-------------------
 00    | 00
 01    | 01
 10    | 10
-------------------
WARNING:Xst:2677 - Node <Mram_v11> of sequential type is unconnected in block <I_cache>.
WARNING:Xst:2677 - Node <Mram_v12> of sequential type is unconnected in block <I_cache>.
WARNING:Xst:2677 - Node <Mram_v3> of sequential type is unconnected in block <I_cache>.
WARNING:Xst:2677 - Node <Mram_v4> of sequential type is unconnected in block <I_cache>.

Optimizing unit <I_cache> ...

Mapping all equations...
Building and optimizing final netlist ...
Found area constraint ratio of 100 (+ 5) on block I_cache, actual ratio is 0.

Final Macro Processing ...

=========================================================================
Final Register Report

Macro Statistics
# Registers                                            : 8
 Flip-Flops                                            : 8

=========================================================================

=========================================================================
*                           Partition Report                            *
=========================================================================

Partition Implementation Status
-------------------------------

  No Partitions were found in this design.

-------------------------------

=========================================================================
*                            Design Summary                             *
=========================================================================

Top Level Output File Name         : I_cache.ngc

Primitive and Black Box Usage:
------------------------------
# BELS                             : 425
#      GND                         : 1
#      LUT2                        : 4
#      LUT3                        : 171
#      LUT4                        : 29
#      LUT5                        : 45
#      LUT6                        : 158
#      MUXCY                       : 16
#      VCC                         : 1
# FlipFlops/Latches                : 8
#      FD                          : 6
#      FDR                         : 2
# RAMS                             : 18
#      RAM128X1D                   : 12
#      RAMB18E1                    : 2
#      RAMB36E1                    : 4
# Clock Buffers                    : 1
#      BUFGP                       : 1
# IO Buffers                       : 320
#      IBUF                        : 188
#      OBUF                        : 132

Device utilization summary:
---------------------------

Selected Device : 7k325tffg676-2l 


Slice Logic Utilization: 
 Number of Slice Registers:               8  out of  407600     0%  
 Number of Slice LUTs:                  455  out of  203800     0%  
    Number used as Logic:               407  out of  203800     0%  
    Number used as Memory:               48  out of  64000     0%  
       Number used as RAM:               48

Slice Logic Distribution: 
 Number of LUT Flip Flop pairs used:    457
   Number with an unused Flip Flop:     449  out of    457    98%  
   Number with an unused LUT:             2  out of    457     0%  
   Number of fully used LUT-FF pairs:     6  out of    457     1%  
   Number of unique control sets:         2

IO Utilization: 
 Number of IOs:                         367
 Number of bonded IOBs:                 321  out of    400    80%  

Specific Feature Utilization:
 Number of Block RAM/FIFO:                5  out of    445     1%  
    Number using Block RAM only:          5
 Number of BUFG/BUFGCTRLs:                1  out of     32     3%  

---------------------------
Partition Resource Summary:
---------------------------

  No Partitions were found in this design.

---------------------------


=========================================================================
Timing Report

NOTE: THESE TIMING NUMBERS ARE ONLY A SYNTHESIS ESTIMATE.
      FOR ACCURATE TIMING INFORMATION PLEASE REFER TO THE TRACE REPORT
      GENERATED AFTER PLACE-and-ROUTE.

Clock Information:
------------------
-----------------------------------+------------------------+-------+
Clock Signal                       | Clock buffer(FF name)  | Load  |
-----------------------------------+------------------------+-------+
clk                                | BUFGP                  | 26    |
-----------------------------------+------------------------+-------+

Asynchronous Control Signals Information:
----------------------------------------
No asynchronous control signals found in this design

Timing Summary:
---------------
Speed Grade: -2

   Minimum period: 4.153ns (Maximum Frequency: 240.791MHz)
   Minimum input arrival time before clock: 2.529ns
   Maximum output required time after clock: 4.438ns
   Maximum combinational path delay: 2.796ns

Timing Details:
---------------
All values displayed in nanoseconds (ns)

=========================================================================
Timing constraint: Default period analysis for Clock 'clk'
  Clock period: 4.153ns (frequency: 240.791MHz)
  Total number of paths / destination ports: 1927 / 374
-------------------------------------------------------------------------
Delay:               4.153ns (Levels of Logic = 9)
  Source:            Mram_tag0 (RAM)
  Destination:       Mram_count13 (RAM)
  Source Clock:      clk rising
  Destination Clock: clk rising

  Data Path: Mram_tag0 to Mram_count13
                                Gate     Net
    Cell:in->out      fanout   Delay   Delay  Logical Name (Net Name)
    ----------------------------------------  ------------
     RAMB18E1:CLKARDCLK->DOADO2    2   1.800   0.500  Mram_tag0 (tag_0<2>)
     LUT6:I3->O            1   0.043   0.000  Mcompar_tag_0[19]_tag_[19]_equal_25_o_lut<0> (Mcompar_tag_0[19]_tag_[19]_equal_25_o_lut<0>)
     MUXCY:S->O            1   0.238   0.000  Mcompar_tag_0[19]_tag_[19]_equal_25_o_cy<0> (Mcompar_tag_0[19]_tag_[19]_equal_25_o_cy<0>)
     MUXCY:CI->O           1   0.013   0.000  Mcompar_tag_0[19]_tag_[19]_equal_25_o_cy<1> (Mcompar_tag_0[19]_tag_[19]_equal_25_o_cy<1>)
     MUXCY:CI->O           1   0.013   0.000  Mcompar_tag_0[19]_tag_[19]_equal_25_o_cy<2> (Mcompar_tag_0[19]_tag_[19]_equal_25_o_cy<2>)
     MUXCY:CI->O           1   0.013   0.000  Mcompar_tag_0[19]_tag_[19]_equal_25_o_cy<3> (Mcompar_tag_0[19]_tag_[19]_equal_25_o_cy<3>)
     MUXCY:CI->O           1   0.013   0.000  Mcompar_tag_0[19]_tag_[19]_equal_25_o_cy<4> (Mcompar_tag_0[19]_tag_[19]_equal_25_o_cy<4>)
     MUXCY:CI->O           1   0.013   0.000  Mcompar_tag_0[19]_tag_[19]_equal_25_o_cy<5> (Mcompar_tag_0[19]_tag_[19]_equal_25_o_cy<5>)
     MUXCY:CI->O          37   0.151   0.481  Mcompar_tag_0[19]_tag_[19]_equal_25_o_cy<6> (tag_0[19]_tag_[19]_equal_25_o)
     LUT6:I5->O            2   0.043   0.000  count0_data<1>1 (count0_data<1>)
     RAM128X1D:D               0.830          Mram_count03
    ----------------------------------------
    Total                      4.153ns (3.172ns logic, 0.981ns route)
                                       (76.4% logic, 23.6% route)

=========================================================================
Timing constraint: Default OFFSET IN BEFORE for Clock 'clk'
  Total number of paths / destination ports: 1379 / 450
-------------------------------------------------------------------------
Offset:              2.529ns (Levels of Logic = 5)
  Source:            op<0> (PAD)
  Destination:       Mram_v13 (RAM)
  Destination Clock: clk rising

  Data Path: op<0> to Mram_v13
                                Gate     Net
    Cell:in->out      fanout   Delay   Delay  Logical Name (Net Name)
    ----------------------------------------  ------------
     IBUF:I->O             9   0.000   0.648  op_0_IBUF (op_0_IBUF)
     LUT5:I0->O           11   0.043   0.659  Mmux_v_addr111 (Mmux_v_addr11)
     LUT5:I0->O            1   0.043   0.000  write_ctrl6_lut (write_ctrl6_lut)
     MUXCY:S->O            1   0.238   0.000  write_ctrl6_cy (tag_1[19]_tag_[19]_equal_26_o_l1)
     MUXCY:CI->O           1   0.150   0.339  write_ctrl6_cy1 (write_ctrl6)
     RAM128X1D:WE              0.408          Mram_v13
    ----------------------------------------
    Total                      2.529ns (0.882ns logic, 1.647ns route)
                                       (34.9% logic, 65.1% route)

=========================================================================
Timing constraint: Default OFFSET OUT AFTER for Clock 'clk'
  Total number of paths / destination ports: 2792 / 84
-------------------------------------------------------------------------
Offset:              4.438ns (Levels of Logic = 11)
  Source:            Mram_tag0 (RAM)
  Destination:       mem_r (PAD)
  Source Clock:      clk rising

  Data Path: Mram_tag0 to mem_r
                                Gate     Net
    Cell:in->out      fanout   Delay   Delay  Logical Name (Net Name)
    ----------------------------------------  ------------
     RAMB18E1:CLKARDCLK->DOADO2    2   1.800   0.500  Mram_tag0 (tag_0<2>)
     LUT6:I3->O            1   0.043   0.000  Mcompar_tag_0[19]_tag_[19]_equal_25_o_lut<0> (Mcompar_tag_0[19]_tag_[19]_equal_25_o_lut<0>)
     MUXCY:S->O            1   0.238   0.000  Mcompar_tag_0[19]_tag_[19]_equal_25_o_cy<0> (Mcompar_tag_0[19]_tag_[19]_equal_25_o_cy<0>)
     MUXCY:CI->O           1   0.013   0.000  Mcompar_tag_0[19]_tag_[19]_equal_25_o_cy<1> (Mcompar_tag_0[19]_tag_[19]_equal_25_o_cy<1>)
     MUXCY:CI->O           1   0.013   0.000  Mcompar_tag_0[19]_tag_[19]_equal_25_o_cy<2> (Mcompar_tag_0[19]_tag_[19]_equal_25_o_cy<2>)
     MUXCY:CI->O           1   0.013   0.000  Mcompar_tag_0[19]_tag_[19]_equal_25_o_cy<3> (Mcompar_tag_0[19]_tag_[19]_equal_25_o_cy<3>)
     MUXCY:CI->O           1   0.013   0.000  Mcompar_tag_0[19]_tag_[19]_equal_25_o_cy<4> (Mcompar_tag_0[19]_tag_[19]_equal_25_o_cy<4>)
     MUXCY:CI->O           1   0.013   0.000  Mcompar_tag_0[19]_tag_[19]_equal_25_o_cy<5> (Mcompar_tag_0[19]_tag_[19]_equal_25_o_cy<5>)
     MUXCY:CI->O          37   0.151   0.481  Mcompar_tag_0[19]_tag_[19]_equal_25_o_cy<6> (tag_0[19]_tag_[19]_equal_25_o)
     LUT4:I3->O           33   0.043   0.733  cache_hit1 (cache_hit)
     LUT6:I1->O            1   0.043   0.339  mem_r1 (mem_r_OBUF)
     OBUF:I->O                 0.000          mem_r_OBUF (mem_r)
    ----------------------------------------
    Total                      4.438ns (2.385ns logic, 2.053ns route)
                                       (53.7% logic, 46.3% route)

=========================================================================
Timing constraint: Default path analysis
  Total number of paths / destination ports: 2929 / 84
-------------------------------------------------------------------------
Delay:               2.796ns (Levels of Logic = 12)
  Source:            addr<12> (PAD)
  Destination:       mem_r (PAD)

  Data Path: addr<12> to mem_r
                                Gate     Net
    Cell:in->out      fanout   Delay   Delay  Logical Name (Net Name)
    ----------------------------------------  ------------
     IBUF:I->O            66   0.000   0.658  addr_12_IBUF (addr_12_IBUF)
     LUT6:I2->O            1   0.043   0.000  Mcompar_tag_0[19]_tag_[19]_equal_25_o_lut<0> (Mcompar_tag_0[19]_tag_[19]_equal_25_o_lut<0>)
     MUXCY:S->O            1   0.238   0.000  Mcompar_tag_0[19]_tag_[19]_equal_25_o_cy<0> (Mcompar_tag_0[19]_tag_[19]_equal_25_o_cy<0>)
     MUXCY:CI->O           1   0.013   0.000  Mcompar_tag_0[19]_tag_[19]_equal_25_o_cy<1> (Mcompar_tag_0[19]_tag_[19]_equal_25_o_cy<1>)
     MUXCY:CI->O           1   0.013   0.000  Mcompar_tag_0[19]_tag_[19]_equal_25_o_cy<2> (Mcompar_tag_0[19]_tag_[19]_equal_25_o_cy<2>)
     MUXCY:CI->O           1   0.013   0.000  Mcompar_tag_0[19]_tag_[19]_equal_25_o_cy<3> (Mcompar_tag_0[19]_tag_[19]_equal_25_o_cy<3>)
     MUXCY:CI->O           1   0.013   0.000  Mcompar_tag_0[19]_tag_[19]_equal_25_o_cy<4> (Mcompar_tag_0[19]_tag_[19]_equal_25_o_cy<4>)
     MUXCY:CI->O           1   0.013   0.000  Mcompar_tag_0[19]_tag_[19]_equal_25_o_cy<5> (Mcompar_tag_0[19]_tag_[19]_equal_25_o_cy<5>)
     MUXCY:CI->O          37   0.151   0.481  Mcompar_tag_0[19]_tag_[19]_equal_25_o_cy<6> (tag_0[19]_tag_[19]_equal_25_o)
     LUT4:I3->O           33   0.043   0.733  cache_hit1 (cache_hit)
     LUT6:I1->O            1   0.043   0.339  mem_r1 (mem_r_OBUF)
     OBUF:I->O                 0.000          mem_r_OBUF (mem_r)
    ----------------------------------------
    Total                      2.796ns (0.585ns logic, 2.211ns route)
                                       (20.9% logic, 79.1% route)

=========================================================================

Cross Clock Domains Report:
--------------------------

Clock to Setup on destination clock clk
---------------+---------+---------+---------+---------+
               | Src:Rise| Src:Fall| Src:Rise| Src:Fall|
Source Clock   |Dest:Rise|Dest:Rise|Dest:Fall|Dest:Fall|
---------------+---------+---------+---------+---------+
clk            |    4.153|         |         |         |
---------------+---------+---------+---------+---------+

=========================================================================


Total REAL time to Xst completion: 15.00 secs
Total CPU time to Xst completion: 14.94 secs
 
--> 

Total memory usage is 447160 kilobytes

Number of errors   :    0 (   0 filtered)
Number of warnings :    8 (   0 filtered)
Number of infos    :   10 (   0 filtered)

