--------------------------------------------------------------------------------
Release 14.7 Trace  (nt64)
Copyright (c) 1995-2013 Xilinx, Inc.  All rights reserved.

D:\Xilinx\14.7\ISE_DS\ISE\bin\nt64\unwrapped\trce.exe -intstyle ise -v 3 -s 2L
-n 3 -fastpaths -xml top.twx top.ncd -o top.twr top.pcf -ucf Sword_v4.ucf

Design file:              top.ncd
Physical constraint file: top.pcf
Device,package,speed:     xc7k325t,ffg676,C,-2L (PRODUCTION 1.10 2013-10-13)
Report level:             verbose report

Environment Variable      Effect 
--------------------      ------ 
NONE                      No environment variables were set
--------------------------------------------------------------------------------

INFO:Timing:2698 - No timing constraints found, doing default enumeration.
INFO:Timing:3412 - To improve timing, see the Timing Closure User Guide (UG612).
INFO:Timing:2752 - To get complete path coverage, use the unconstrained paths 
   option. All paths that are not constrained will be reported in the 
   unconstrained paths section(s) of the report.
INFO:Timing:3339 - The clock-to-out numbers in this timing report are based on 
   a 50 Ohm transmission line loading model.  For the details of this model, 
   and for more information on accounting for different loading conditions, 
   please see the device datasheet.



Data Sheet report:
-----------------
All values displayed in nanoseconds (ns)

Setup/Hold to clock clk200N
------------+------------+------------+------------+------------+------------------+--------+
            |Max Setup to|  Process   |Max Hold to |  Process   |                  | Clock  |
Source      | clk (edge) |   Corner   | clk (edge) |   Corner   |Internal Clock(s) | Phase  |
------------+------------+------------+------------+------------+------------------+--------+
RSTN        |    0.141(R)|      FAST  |    2.717(R)|      SLOW  |clk_100mhz        |   0.000|
switch<0>   |    0.564(R)|      FAST  |    2.049(R)|      SLOW  |clk_100mhz        |   0.000|
switch<1>   |   -0.193(R)|      FAST  |    2.988(R)|      SLOW  |clk_100mhz        |   0.000|
switch<2>   |    0.077(R)|      FAST  |    2.739(R)|      SLOW  |clk_100mhz        |   0.000|
switch<3>   |   -0.399(R)|      FAST  |    3.357(R)|      SLOW  |clk_100mhz        |   0.000|
switch<4>   |   -0.456(R)|      FAST  |    3.449(R)|      SLOW  |clk_100mhz        |   0.000|
switch<5>   |    0.732(R)|      FAST  |    1.844(R)|      SLOW  |clk_100mhz        |   0.000|
switch<6>   |    0.336(R)|      FAST  |    2.313(R)|      SLOW  |clk_100mhz        |   0.000|
switch<7>   |    0.295(R)|      FAST  |    2.312(R)|      SLOW  |clk_100mhz        |   0.000|
switch<8>   |   -0.842(R)|      FAST  |    4.064(R)|      SLOW  |clk_100mhz        |   0.000|
switch<9>   |   -0.490(R)|      FAST  |    3.486(R)|      SLOW  |clk_100mhz        |   0.000|
switch<10>  |   -0.025(R)|      FAST  |    3.132(R)|      SLOW  |clk_100mhz        |   0.000|
switch<11>  |   -0.215(R)|      FAST  |    3.220(R)|      SLOW  |clk_100mhz        |   0.000|
switch<12>  |   -0.148(R)|      FAST  |    3.142(R)|      SLOW  |clk_100mhz        |   0.000|
switch<13>  |    0.147(R)|      FAST  |    2.783(R)|      SLOW  |clk_100mhz        |   0.000|
switch<14>  |   -0.623(R)|      FAST  |    3.710(R)|      SLOW  |clk_100mhz        |   0.000|
switch<15>  |    0.225(R)|      FAST  |    2.561(R)|      SLOW  |clk_100mhz        |   0.000|
------------+------------+------------+------------+------------+------------------+--------+

Setup/Hold to clock clk200P
------------+------------+------------+------------+------------+------------------+--------+
            |Max Setup to|  Process   |Max Hold to |  Process   |                  | Clock  |
Source      | clk (edge) |   Corner   | clk (edge) |   Corner   |Internal Clock(s) | Phase  |
------------+------------+------------+------------+------------+------------------+--------+
RSTN        |    0.141(R)|      FAST  |    2.717(R)|      SLOW  |clk_100mhz        |   0.000|
switch<0>   |    0.564(R)|      FAST  |    2.049(R)|      SLOW  |clk_100mhz        |   0.000|
switch<1>   |   -0.193(R)|      FAST  |    2.988(R)|      SLOW  |clk_100mhz        |   0.000|
switch<2>   |    0.077(R)|      FAST  |    2.739(R)|      SLOW  |clk_100mhz        |   0.000|
switch<3>   |   -0.399(R)|      FAST  |    3.357(R)|      SLOW  |clk_100mhz        |   0.000|
switch<4>   |   -0.456(R)|      FAST  |    3.449(R)|      SLOW  |clk_100mhz        |   0.000|
switch<5>   |    0.732(R)|      FAST  |    1.844(R)|      SLOW  |clk_100mhz        |   0.000|
switch<6>   |    0.336(R)|      FAST  |    2.313(R)|      SLOW  |clk_100mhz        |   0.000|
switch<7>   |    0.295(R)|      FAST  |    2.312(R)|      SLOW  |clk_100mhz        |   0.000|
switch<8>   |   -0.842(R)|      FAST  |    4.064(R)|      SLOW  |clk_100mhz        |   0.000|
switch<9>   |   -0.490(R)|      FAST  |    3.486(R)|      SLOW  |clk_100mhz        |   0.000|
switch<10>  |   -0.025(R)|      FAST  |    3.132(R)|      SLOW  |clk_100mhz        |   0.000|
switch<11>  |   -0.215(R)|      FAST  |    3.220(R)|      SLOW  |clk_100mhz        |   0.000|
switch<12>  |   -0.148(R)|      FAST  |    3.142(R)|      SLOW  |clk_100mhz        |   0.000|
switch<13>  |    0.147(R)|      FAST  |    2.783(R)|      SLOW  |clk_100mhz        |   0.000|
switch<14>  |   -0.623(R)|      FAST  |    3.710(R)|      SLOW  |clk_100mhz        |   0.000|
switch<15>  |    0.225(R)|      FAST  |    2.561(R)|      SLOW  |clk_100mhz        |   0.000|
------------+------------+------------+------------+------------+------------------+--------+

Clock clk200N to Pad
------------+-----------------+------------+-----------------+------------+------------------+--------+
            |Max (slowest) clk|  Process   |Min (fastest) clk|  Process   |                  | Clock  |
Destination |  (edge) to PAD  |   Corner   |  (edge) to PAD  |   Corner   |Internal Clock(s) | Phase  |
------------+-----------------+------------+-----------------+------------+------------------+--------+
btn_x<0>    |         9.939(R)|      SLOW  |         4.467(R)|      FAST  |clk_100mhz        |   0.000|
btn_x<1>    |        10.004(R)|      SLOW  |         4.506(R)|      FAST  |clk_100mhz        |   0.000|
btn_x<2>    |         9.977(R)|      SLOW  |         4.495(R)|      FAST  |clk_100mhz        |   0.000|
btn_x<3>    |         9.972(R)|      SLOW  |         4.489(R)|      FAST  |clk_100mhz        |   0.000|
btn_x<4>    |        10.054(R)|      SLOW  |         4.526(R)|      FAST  |clk_100mhz        |   0.000|
seg_clk     |        13.452(R)|      SLOW  |         5.777(R)|      FAST  |clk_100mhz        |   0.000|
seg_pen     |        12.932(R)|      SLOW  |         5.749(R)|      FAST  |clk_100mhz        |   0.000|
vga_blue<0> |        17.500(R)|      SLOW  |         5.702(R)|      FAST  |clk_100mhz        |   0.000|
vga_blue<1> |        18.099(R)|      SLOW  |         6.183(R)|      FAST  |clk_100mhz        |   0.000|
vga_blue<2> |        18.633(R)|      SLOW  |         5.706(R)|      FAST  |clk_100mhz        |   0.000|
vga_blue<3> |        22.474(R)|      SLOW  |         5.872(R)|      FAST  |clk_100mhz        |   0.000|
vga_green<0>|        20.542(R)|      SLOW  |         5.562(R)|      FAST  |clk_100mhz        |   0.000|
vga_green<1>|        21.491(R)|      SLOW  |         5.788(R)|      FAST  |clk_100mhz        |   0.000|
vga_green<2>|        22.790(R)|      SLOW  |         5.868(R)|      FAST  |clk_100mhz        |   0.000|
vga_green<3>|        21.804(R)|      SLOW  |         5.616(R)|      FAST  |clk_100mhz        |   0.000|
vga_red<0>  |        20.213(R)|      SLOW  |         5.851(R)|      FAST  |clk_100mhz        |   0.000|
vga_red<1>  |        21.023(R)|      SLOW  |         6.047(R)|      FAST  |clk_100mhz        |   0.000|
vga_red<2>  |        22.009(R)|      SLOW  |         5.936(R)|      FAST  |clk_100mhz        |   0.000|
vga_red<3>  |        22.099(R)|      SLOW  |         6.238(R)|      FAST  |clk_100mhz        |   0.000|
------------+-----------------+------------+-----------------+------------+------------------+--------+

Clock clk200P to Pad
------------+-----------------+------------+-----------------+------------+------------------+--------+
            |Max (slowest) clk|  Process   |Min (fastest) clk|  Process   |                  | Clock  |
Destination |  (edge) to PAD  |   Corner   |  (edge) to PAD  |   Corner   |Internal Clock(s) | Phase  |
------------+-----------------+------------+-----------------+------------+------------------+--------+
btn_x<0>    |         9.939(R)|      SLOW  |         4.467(R)|      FAST  |clk_100mhz        |   0.000|
btn_x<1>    |        10.004(R)|      SLOW  |         4.506(R)|      FAST  |clk_100mhz        |   0.000|
btn_x<2>    |         9.977(R)|      SLOW  |         4.495(R)|      FAST  |clk_100mhz        |   0.000|
btn_x<3>    |         9.972(R)|      SLOW  |         4.489(R)|      FAST  |clk_100mhz        |   0.000|
btn_x<4>    |        10.054(R)|      SLOW  |         4.526(R)|      FAST  |clk_100mhz        |   0.000|
seg_clk     |        13.452(R)|      SLOW  |         5.777(R)|      FAST  |clk_100mhz        |   0.000|
seg_pen     |        12.932(R)|      SLOW  |         5.749(R)|      FAST  |clk_100mhz        |   0.000|
vga_blue<0> |        17.500(R)|      SLOW  |         5.702(R)|      FAST  |clk_100mhz        |   0.000|
vga_blue<1> |        18.099(R)|      SLOW  |         6.183(R)|      FAST  |clk_100mhz        |   0.000|
vga_blue<2> |        18.633(R)|      SLOW  |         5.706(R)|      FAST  |clk_100mhz        |   0.000|
vga_blue<3> |        22.474(R)|      SLOW  |         5.872(R)|      FAST  |clk_100mhz        |   0.000|
vga_green<0>|        20.542(R)|      SLOW  |         5.562(R)|      FAST  |clk_100mhz        |   0.000|
vga_green<1>|        21.491(R)|      SLOW  |         5.788(R)|      FAST  |clk_100mhz        |   0.000|
vga_green<2>|        22.790(R)|      SLOW  |         5.868(R)|      FAST  |clk_100mhz        |   0.000|
vga_green<3>|        21.804(R)|      SLOW  |         5.616(R)|      FAST  |clk_100mhz        |   0.000|
vga_red<0>  |        20.213(R)|      SLOW  |         5.851(R)|      FAST  |clk_100mhz        |   0.000|
vga_red<1>  |        21.023(R)|      SLOW  |         6.047(R)|      FAST  |clk_100mhz        |   0.000|
vga_red<2>  |        22.009(R)|      SLOW  |         5.936(R)|      FAST  |clk_100mhz        |   0.000|
vga_red<3>  |        22.099(R)|      SLOW  |         6.238(R)|      FAST  |clk_100mhz        |   0.000|
------------+-----------------+------------+-----------------+------------+------------------+--------+

Clock to Setup on destination clock clk200N
---------------+---------+---------+---------+---------+
               | Src:Rise| Src:Fall| Src:Rise| Src:Fall|
Source Clock   |Dest:Rise|Dest:Rise|Dest:Fall|Dest:Fall|
---------------+---------+---------+---------+---------+
clk200N        |    3.592|         |         |         |
clk200P        |    3.592|         |         |         |
---------------+---------+---------+---------+---------+

Clock to Setup on destination clock clk200P
---------------+---------+---------+---------+---------+
               | Src:Rise| Src:Fall| Src:Rise| Src:Fall|
Source Clock   |Dest:Rise|Dest:Rise|Dest:Fall|Dest:Fall|
---------------+---------+---------+---------+---------+
clk200N        |    3.592|         |         |         |
clk200P        |    3.592|         |         |         |
---------------+---------+---------+---------+---------+


Analysis completed Sat Oct 21 15:52:36 2017 
--------------------------------------------------------------------------------

Trace Settings:
-------------------------
Trace Settings 

Peak Memory Usage: 974 MB



