--------------------------------------------------------------------------------
Release 14.7 Trace  (nt64)
Copyright (c) 1995-2013 Xilinx, Inc.  All rights reserved.

D:\Xilinx\14.7\ISE_DS\ISE\bin\nt64\unwrapped\trce.exe -intstyle ise -v 3 -s 2L
-n 3 -fastpaths -xml top.twx top.ncd -o top.twr top.pcf -ucf Sword_v4.ucf

Design file:              top.ncd
Physical constraint file: top.pcf
Device,package,speed:     xc7k325t,ffg676,C,-2L (PRODUCTION 1.10 2013-10-13)
Report level:             verbose report

Environment Variable      Effect 
--------------------      ------ 
NONE                      No environment variables were set
--------------------------------------------------------------------------------

INFO:Timing:2698 - No timing constraints found, doing default enumeration.
INFO:Timing:3412 - To improve timing, see the Timing Closure User Guide (UG612).
INFO:Timing:2752 - To get complete path coverage, use the unconstrained paths 
   option. All paths that are not constrained will be reported in the 
   unconstrained paths section(s) of the report.
INFO:Timing:3339 - The clock-to-out numbers in this timing report are based on 
   a 50 Ohm transmission line loading model.  For the details of this model, 
   and for more information on accounting for different loading conditions, 
   please see the device datasheet.



Data Sheet report:
-----------------
All values displayed in nanoseconds (ns)

Setup/Hold to clock clk200N
------------+------------+------------+------------+------------+------------------+--------+
            |Max Setup to|  Process   |Max Hold to |  Process   |                  | Clock  |
Source      | clk (edge) |   Corner   | clk (edge) |   Corner   |Internal Clock(s) | Phase  |
------------+------------+------------+------------+------------+------------------+--------+
RSTN        |   -1.039(R)|      FAST  |    5.188(R)|      SLOW  |clk_100mhz        |   0.000|
ps2_clk     |   -0.648(R)|      FAST  |    2.942(R)|      SLOW  |clk_100mhz        |   0.000|
ps2_dat     |    0.969(R)|      FAST  |    2.031(R)|      SLOW  |clk_100mhz        |   0.000|
switch<0>   |   -0.266(R)|      FAST  |    3.615(R)|      SLOW  |clk_100mhz        |   0.000|
switch<1>   |    0.419(R)|      FAST  |    3.524(R)|      SLOW  |clk_100mhz        |   0.000|
switch<2>   |    0.160(R)|      FAST  |    3.745(R)|      SLOW  |clk_100mhz        |   0.000|
switch<3>   |    0.159(R)|      FAST  |    3.871(R)|      SLOW  |clk_100mhz        |   0.000|
switch<4>   |    0.233(R)|      FAST  |    3.770(R)|      SLOW  |clk_100mhz        |   0.000|
switch<5>   |    0.055(R)|      FAST  |    3.950(R)|      SLOW  |clk_100mhz        |   0.000|
switch<6>   |    0.273(R)|      FAST  |    3.956(R)|      SLOW  |clk_100mhz        |   0.000|
switch<7>   |    0.090(R)|      FAST  |    3.925(R)|      SLOW  |clk_100mhz        |   0.000|
switch<8>   |    0.129(R)|      FAST  |    3.681(R)|      SLOW  |clk_100mhz        |   0.000|
switch<9>   |    0.217(R)|      FAST  |    3.505(R)|      SLOW  |clk_100mhz        |   0.000|
switch<10>  |    0.034(R)|      FAST  |    4.033(R)|      SLOW  |clk_100mhz        |   0.000|
switch<11>  |    0.104(R)|      FAST  |    4.009(R)|      SLOW  |clk_100mhz        |   0.000|
switch<12>  |    0.039(R)|      FAST  |    4.273(R)|      SLOW  |clk_100mhz        |   0.000|
switch<13>  |   -0.275(R)|      FAST  |    4.389(R)|      SLOW  |clk_100mhz        |   0.000|
switch<14>  |   -0.046(R)|      FAST  |    4.347(R)|      SLOW  |clk_100mhz        |   0.000|
switch<15>  |   -0.014(R)|      FAST  |    3.816(R)|      SLOW  |clk_100mhz        |   0.000|
uart_rx     |   -0.003(R)|      FAST  |    2.547(R)|      SLOW  |clk_100mhz        |   0.000|
------------+------------+------------+------------+------------+------------------+--------+

Setup/Hold to clock clk200P
------------+------------+------------+------------+------------+------------------+--------+
            |Max Setup to|  Process   |Max Hold to |  Process   |                  | Clock  |
Source      | clk (edge) |   Corner   | clk (edge) |   Corner   |Internal Clock(s) | Phase  |
------------+------------+------------+------------+------------+------------------+--------+
RSTN        |   -1.039(R)|      FAST  |    5.188(R)|      SLOW  |clk_100mhz        |   0.000|
ps2_clk     |   -0.648(R)|      FAST  |    2.942(R)|      SLOW  |clk_100mhz        |   0.000|
ps2_dat     |    0.969(R)|      FAST  |    2.031(R)|      SLOW  |clk_100mhz        |   0.000|
switch<0>   |   -0.266(R)|      FAST  |    3.615(R)|      SLOW  |clk_100mhz        |   0.000|
switch<1>   |    0.419(R)|      FAST  |    3.524(R)|      SLOW  |clk_100mhz        |   0.000|
switch<2>   |    0.160(R)|      FAST  |    3.745(R)|      SLOW  |clk_100mhz        |   0.000|
switch<3>   |    0.159(R)|      FAST  |    3.871(R)|      SLOW  |clk_100mhz        |   0.000|
switch<4>   |    0.233(R)|      FAST  |    3.770(R)|      SLOW  |clk_100mhz        |   0.000|
switch<5>   |    0.055(R)|      FAST  |    3.950(R)|      SLOW  |clk_100mhz        |   0.000|
switch<6>   |    0.273(R)|      FAST  |    3.956(R)|      SLOW  |clk_100mhz        |   0.000|
switch<7>   |    0.090(R)|      FAST  |    3.925(R)|      SLOW  |clk_100mhz        |   0.000|
switch<8>   |    0.129(R)|      FAST  |    3.681(R)|      SLOW  |clk_100mhz        |   0.000|
switch<9>   |    0.217(R)|      FAST  |    3.505(R)|      SLOW  |clk_100mhz        |   0.000|
switch<10>  |    0.034(R)|      FAST  |    4.033(R)|      SLOW  |clk_100mhz        |   0.000|
switch<11>  |    0.104(R)|      FAST  |    4.009(R)|      SLOW  |clk_100mhz        |   0.000|
switch<12>  |    0.039(R)|      FAST  |    4.273(R)|      SLOW  |clk_100mhz        |   0.000|
switch<13>  |   -0.275(R)|      FAST  |    4.389(R)|      SLOW  |clk_100mhz        |   0.000|
switch<14>  |   -0.046(R)|      FAST  |    4.347(R)|      SLOW  |clk_100mhz        |   0.000|
switch<15>  |   -0.014(R)|      FAST  |    3.816(R)|      SLOW  |clk_100mhz        |   0.000|
uart_rx     |   -0.003(R)|      FAST  |    2.547(R)|      SLOW  |clk_100mhz        |   0.000|
------------+------------+------------+------------+------------+------------------+--------+

Clock clk200N to Pad
------------+-----------------+------------+-----------------+------------+------------------+--------+
            |Max (slowest) clk|  Process   |Min (fastest) clk|  Process   |                  | Clock  |
Destination |  (edge) to PAD  |   Corner   |  (edge) to PAD  |   Corner   |Internal Clock(s) | Phase  |
------------+-----------------+------------+-----------------+------------+------------------+--------+
btn_x<0>    |         9.939(R)|      SLOW  |         4.467(R)|      FAST  |clk_100mhz        |   0.000|
btn_x<1>    |         9.983(R)|      SLOW  |         4.500(R)|      FAST  |clk_100mhz        |   0.000|
btn_x<2>    |         9.977(R)|      SLOW  |         4.495(R)|      FAST  |clk_100mhz        |   0.000|
btn_x<3>    |         9.972(R)|      SLOW  |         4.489(R)|      FAST  |clk_100mhz        |   0.000|
btn_x<4>    |        10.061(R)|      SLOW  |         4.532(R)|      FAST  |clk_100mhz        |   0.000|
led_clk     |        12.804(R)|      SLOW  |         5.640(R)|      FAST  |clk_100mhz        |   0.000|
led_do      |        12.146(R)|      SLOW  |         5.320(R)|      FAST  |clk_100mhz        |   0.000|
seg_clk     |        14.179(R)|      SLOW  |         6.190(R)|      FAST  |clk_100mhz        |   0.000|
seg_pen     |        12.306(R)|      SLOW  |         5.416(R)|      FAST  |clk_100mhz        |   0.000|
uart_tx     |        12.911(R)|      SLOW  |         5.806(R)|      FAST  |clk_100mhz        |   0.000|
vga_blue<0> |        19.665(R)|      SLOW  |         6.522(R)|      FAST  |clk_100mhz        |   0.000|
vga_blue<1> |        19.979(R)|      SLOW  |         6.515(R)|      FAST  |clk_100mhz        |   0.000|
vga_blue<2> |        19.424(R)|      SLOW  |         5.967(R)|      FAST  |clk_100mhz        |   0.000|
vga_blue<3> |        19.640(R)|      SLOW  |         6.034(R)|      FAST  |clk_100mhz        |   0.000|
vga_green<0>|        19.318(R)|      SLOW  |         6.501(R)|      FAST  |clk_100mhz        |   0.000|
vga_green<1>|        19.446(R)|      SLOW  |         5.981(R)|      FAST  |clk_100mhz        |   0.000|
vga_green<2>|        19.548(R)|      SLOW  |         5.939(R)|      FAST  |clk_100mhz        |   0.000|
vga_green<3>|        19.919(R)|      SLOW  |         5.989(R)|      FAST  |clk_100mhz        |   0.000|
vga_red<0>  |        19.269(R)|      SLOW  |         6.588(R)|      FAST  |clk_100mhz        |   0.000|
vga_red<1>  |        19.949(R)|      SLOW  |         6.598(R)|      FAST  |clk_100mhz        |   0.000|
vga_red<2>  |        20.027(R)|      SLOW  |         5.982(R)|      FAST  |clk_100mhz        |   0.000|
vga_red<3>  |        20.291(R)|      SLOW  |         6.004(R)|      FAST  |clk_100mhz        |   0.000|
------------+-----------------+------------+-----------------+------------+------------------+--------+

Clock clk200P to Pad
------------+-----------------+------------+-----------------+------------+------------------+--------+
            |Max (slowest) clk|  Process   |Min (fastest) clk|  Process   |                  | Clock  |
Destination |  (edge) to PAD  |   Corner   |  (edge) to PAD  |   Corner   |Internal Clock(s) | Phase  |
------------+-----------------+------------+-----------------+------------+------------------+--------+
btn_x<0>    |         9.939(R)|      SLOW  |         4.467(R)|      FAST  |clk_100mhz        |   0.000|
btn_x<1>    |         9.983(R)|      SLOW  |         4.500(R)|      FAST  |clk_100mhz        |   0.000|
btn_x<2>    |         9.977(R)|      SLOW  |         4.495(R)|      FAST  |clk_100mhz        |   0.000|
btn_x<3>    |         9.972(R)|      SLOW  |         4.489(R)|      FAST  |clk_100mhz        |   0.000|
btn_x<4>    |        10.061(R)|      SLOW  |         4.532(R)|      FAST  |clk_100mhz        |   0.000|
led_clk     |        12.804(R)|      SLOW  |         5.640(R)|      FAST  |clk_100mhz        |   0.000|
led_do      |        12.146(R)|      SLOW  |         5.320(R)|      FAST  |clk_100mhz        |   0.000|
seg_clk     |        14.179(R)|      SLOW  |         6.190(R)|      FAST  |clk_100mhz        |   0.000|
seg_pen     |        12.306(R)|      SLOW  |         5.416(R)|      FAST  |clk_100mhz        |   0.000|
uart_tx     |        12.911(R)|      SLOW  |         5.806(R)|      FAST  |clk_100mhz        |   0.000|
vga_blue<0> |        19.665(R)|      SLOW  |         6.522(R)|      FAST  |clk_100mhz        |   0.000|
vga_blue<1> |        19.979(R)|      SLOW  |         6.515(R)|      FAST  |clk_100mhz        |   0.000|
vga_blue<2> |        19.424(R)|      SLOW  |         5.967(R)|      FAST  |clk_100mhz        |   0.000|
vga_blue<3> |        19.640(R)|      SLOW  |         6.034(R)|      FAST  |clk_100mhz        |   0.000|
vga_green<0>|        19.318(R)|      SLOW  |         6.501(R)|      FAST  |clk_100mhz        |   0.000|
vga_green<1>|        19.446(R)|      SLOW  |         5.981(R)|      FAST  |clk_100mhz        |   0.000|
vga_green<2>|        19.548(R)|      SLOW  |         5.939(R)|      FAST  |clk_100mhz        |   0.000|
vga_green<3>|        19.919(R)|      SLOW  |         5.989(R)|      FAST  |clk_100mhz        |   0.000|
vga_red<0>  |        19.269(R)|      SLOW  |         6.588(R)|      FAST  |clk_100mhz        |   0.000|
vga_red<1>  |        19.949(R)|      SLOW  |         6.598(R)|      FAST  |clk_100mhz        |   0.000|
vga_red<2>  |        20.027(R)|      SLOW  |         5.982(R)|      FAST  |clk_100mhz        |   0.000|
vga_red<3>  |        20.291(R)|      SLOW  |         6.004(R)|      FAST  |clk_100mhz        |   0.000|
------------+-----------------+------------+-----------------+------------+------------------+--------+

Clock to Setup on destination clock clk200N
---------------+---------+---------+---------+---------+
               | Src:Rise| Src:Fall| Src:Rise| Src:Fall|
Source Clock   |Dest:Rise|Dest:Rise|Dest:Fall|Dest:Fall|
---------------+---------+---------+---------+---------+
clk200N        |   11.721|         |         |         |
clk200P        |   11.721|         |         |         |
---------------+---------+---------+---------+---------+

Clock to Setup on destination clock clk200P
---------------+---------+---------+---------+---------+
               | Src:Rise| Src:Fall| Src:Rise| Src:Fall|
Source Clock   |Dest:Rise|Dest:Rise|Dest:Fall|Dest:Fall|
---------------+---------+---------+---------+---------+
clk200N        |   11.721|         |         |         |
clk200P        |   11.721|         |         |         |
---------------+---------+---------+---------+---------+


Analysis completed Sat Jan 06 01:56:45 2018 
--------------------------------------------------------------------------------

Trace Settings:
-------------------------
Trace Settings 

Peak Memory Usage: 1058 MB



