--------------------------------------------------------------------------------
Release 14.7 Trace  (nt64)
Copyright (c) 1995-2013 Xilinx, Inc.  All rights reserved.

D:\Xilinx\14.7\ISE_DS\ISE\bin\nt64\unwrapped\trce.exe -intstyle ise -v 3 -s 2L
-n 3 -fastpaths -xml top.twx top.ncd -o top.twr top.pcf -ucf Sword_v4.ucf

Design file:              top.ncd
Physical constraint file: top.pcf
Device,package,speed:     xc7k325t,ffg676,C,-2L (PRODUCTION 1.10 2013-10-13)
Report level:             verbose report

Environment Variable      Effect 
--------------------      ------ 
NONE                      No environment variables were set
--------------------------------------------------------------------------------

INFO:Timing:2698 - No timing constraints found, doing default enumeration.
INFO:Timing:3412 - To improve timing, see the Timing Closure User Guide (UG612).
INFO:Timing:2752 - To get complete path coverage, use the unconstrained paths 
   option. All paths that are not constrained will be reported in the 
   unconstrained paths section(s) of the report.
INFO:Timing:3339 - The clock-to-out numbers in this timing report are based on 
   a 50 Ohm transmission line loading model.  For the details of this model, 
   and for more information on accounting for different loading conditions, 
   please see the device datasheet.



Data Sheet report:
-----------------
All values displayed in nanoseconds (ns)

Setup/Hold to clock clk200N
------------+------------+------------+------------+------------+------------------+--------+
            |Max Setup to|  Process   |Max Hold to |  Process   |                  | Clock  |
Source      | clk (edge) |   Corner   | clk (edge) |   Corner   |Internal Clock(s) | Phase  |
------------+------------+------------+------------+------------+------------------+--------+
RSTN        |   -0.315(R)|      FAST  |    3.301(R)|      SLOW  |clk_100mhz        |   0.000|
switch<0>   |    0.082(R)|      FAST  |    2.166(R)|      SLOW  |clk_100mhz        |   0.000|
switch<1>   |   -0.376(R)|      FAST  |    3.451(R)|      SLOW  |clk_100mhz        |   0.000|
switch<2>   |   -0.252(R)|      FAST  |    3.232(R)|      SLOW  |clk_100mhz        |   0.000|
switch<3>   |   -0.525(R)|      FAST  |    3.564(R)|      SLOW  |clk_100mhz        |   0.000|
switch<4>   |   -0.226(R)|      FAST  |    3.241(R)|      SLOW  |clk_100mhz        |   0.000|
switch<5>   |    0.012(R)|      FAST  |    2.901(R)|      SLOW  |clk_100mhz        |   0.000|
switch<6>   |    0.033(R)|      FAST  |    2.937(R)|      SLOW  |clk_100mhz        |   0.000|
switch<7>   |   -0.129(R)|      FAST  |    3.005(R)|      SLOW  |clk_100mhz        |   0.000|
switch<8>   |   -0.647(R)|      FAST  |    3.689(R)|      SLOW  |clk_100mhz        |   0.000|
switch<9>   |   -0.439(R)|      FAST  |    3.371(R)|      SLOW  |clk_100mhz        |   0.000|
switch<10>  |   -0.472(R)|      FAST  |    3.469(R)|      SLOW  |clk_100mhz        |   0.000|
switch<11>  |   -0.682(R)|      FAST  |    3.732(R)|      SLOW  |clk_100mhz        |   0.000|
switch<12>  |   -0.657(R)|      FAST  |    3.768(R)|      SLOW  |clk_100mhz        |   0.000|
switch<13>  |   -0.430(R)|      FAST  |    3.413(R)|      SLOW  |clk_100mhz        |   0.000|
switch<14>  |   -0.498(R)|      FAST  |    3.530(R)|      SLOW  |clk_100mhz        |   0.000|
switch<15>  |   -0.283(R)|      FAST  |    3.180(R)|      SLOW  |clk_100mhz        |   0.000|
------------+------------+------------+------------+------------+------------------+--------+

Setup/Hold to clock clk200P
------------+------------+------------+------------+------------+------------------+--------+
            |Max Setup to|  Process   |Max Hold to |  Process   |                  | Clock  |
Source      | clk (edge) |   Corner   | clk (edge) |   Corner   |Internal Clock(s) | Phase  |
------------+------------+------------+------------+------------+------------------+--------+
RSTN        |   -0.315(R)|      FAST  |    3.301(R)|      SLOW  |clk_100mhz        |   0.000|
switch<0>   |    0.082(R)|      FAST  |    2.166(R)|      SLOW  |clk_100mhz        |   0.000|
switch<1>   |   -0.376(R)|      FAST  |    3.451(R)|      SLOW  |clk_100mhz        |   0.000|
switch<2>   |   -0.252(R)|      FAST  |    3.232(R)|      SLOW  |clk_100mhz        |   0.000|
switch<3>   |   -0.525(R)|      FAST  |    3.564(R)|      SLOW  |clk_100mhz        |   0.000|
switch<4>   |   -0.226(R)|      FAST  |    3.241(R)|      SLOW  |clk_100mhz        |   0.000|
switch<5>   |    0.012(R)|      FAST  |    2.901(R)|      SLOW  |clk_100mhz        |   0.000|
switch<6>   |    0.033(R)|      FAST  |    2.937(R)|      SLOW  |clk_100mhz        |   0.000|
switch<7>   |   -0.129(R)|      FAST  |    3.005(R)|      SLOW  |clk_100mhz        |   0.000|
switch<8>   |   -0.647(R)|      FAST  |    3.689(R)|      SLOW  |clk_100mhz        |   0.000|
switch<9>   |   -0.439(R)|      FAST  |    3.371(R)|      SLOW  |clk_100mhz        |   0.000|
switch<10>  |   -0.472(R)|      FAST  |    3.469(R)|      SLOW  |clk_100mhz        |   0.000|
switch<11>  |   -0.682(R)|      FAST  |    3.732(R)|      SLOW  |clk_100mhz        |   0.000|
switch<12>  |   -0.657(R)|      FAST  |    3.768(R)|      SLOW  |clk_100mhz        |   0.000|
switch<13>  |   -0.430(R)|      FAST  |    3.413(R)|      SLOW  |clk_100mhz        |   0.000|
switch<14>  |   -0.498(R)|      FAST  |    3.530(R)|      SLOW  |clk_100mhz        |   0.000|
switch<15>  |   -0.283(R)|      FAST  |    3.180(R)|      SLOW  |clk_100mhz        |   0.000|
------------+------------+------------+------------+------------+------------------+--------+

Clock clk200N to Pad
------------+-----------------+------------+-----------------+------------+------------------+--------+
            |Max (slowest) clk|  Process   |Min (fastest) clk|  Process   |                  | Clock  |
Destination |  (edge) to PAD  |   Corner   |  (edge) to PAD  |   Corner   |Internal Clock(s) | Phase  |
------------+-----------------+------------+-----------------+------------+------------------+--------+
btn_x<0>    |         9.939(R)|      SLOW  |         4.467(R)|      FAST  |clk_100mhz        |   0.000|
btn_x<1>    |         9.983(R)|      SLOW  |         4.500(R)|      FAST  |clk_100mhz        |   0.000|
btn_x<2>    |         9.977(R)|      SLOW  |         4.495(R)|      FAST  |clk_100mhz        |   0.000|
btn_x<3>    |         9.972(R)|      SLOW  |         4.489(R)|      FAST  |clk_100mhz        |   0.000|
btn_x<4>    |        10.061(R)|      SLOW  |         4.532(R)|      FAST  |clk_100mhz        |   0.000|
seg_clk     |        14.314(R)|      SLOW  |         6.179(R)|      FAST  |clk_100mhz        |   0.000|
seg_pen     |        12.348(R)|      SLOW  |         5.450(R)|      FAST  |clk_100mhz        |   0.000|
vga_blue<0> |        18.177(R)|      SLOW  |         5.056(R)|      FAST  |clk_100mhz        |   0.000|
vga_blue<1> |        18.169(R)|      SLOW  |         5.239(R)|      FAST  |clk_100mhz        |   0.000|
vga_blue<2> |        18.193(R)|      SLOW  |         5.239(R)|      FAST  |clk_100mhz        |   0.000|
vga_blue<3> |        20.366(R)|      SLOW  |         5.154(R)|      FAST  |clk_100mhz        |   0.000|
vga_green<0>|        20.392(R)|      SLOW  |         5.151(R)|      FAST  |clk_100mhz        |   0.000|
vga_green<1>|        21.237(R)|      SLOW  |         5.208(R)|      FAST  |clk_100mhz        |   0.000|
vga_green<2>|        20.775(R)|      SLOW  |         5.372(R)|      FAST  |clk_100mhz        |   0.000|
vga_green<3>|        20.649(R)|      SLOW  |         5.316(R)|      FAST  |clk_100mhz        |   0.000|
vga_red<0>  |        21.428(R)|      SLOW  |         5.238(R)|      FAST  |clk_100mhz        |   0.000|
vga_red<1>  |        21.447(R)|      SLOW  |         5.101(R)|      FAST  |clk_100mhz        |   0.000|
vga_red<2>  |        20.855(R)|      SLOW  |         5.235(R)|      FAST  |clk_100mhz        |   0.000|
vga_red<3>  |        20.888(R)|      SLOW  |         5.444(R)|      FAST  |clk_100mhz        |   0.000|
------------+-----------------+------------+-----------------+------------+------------------+--------+

Clock clk200P to Pad
------------+-----------------+------------+-----------------+------------+------------------+--------+
            |Max (slowest) clk|  Process   |Min (fastest) clk|  Process   |                  | Clock  |
Destination |  (edge) to PAD  |   Corner   |  (edge) to PAD  |   Corner   |Internal Clock(s) | Phase  |
------------+-----------------+------------+-----------------+------------+------------------+--------+
btn_x<0>    |         9.939(R)|      SLOW  |         4.467(R)|      FAST  |clk_100mhz        |   0.000|
btn_x<1>    |         9.983(R)|      SLOW  |         4.500(R)|      FAST  |clk_100mhz        |   0.000|
btn_x<2>    |         9.977(R)|      SLOW  |         4.495(R)|      FAST  |clk_100mhz        |   0.000|
btn_x<3>    |         9.972(R)|      SLOW  |         4.489(R)|      FAST  |clk_100mhz        |   0.000|
btn_x<4>    |        10.061(R)|      SLOW  |         4.532(R)|      FAST  |clk_100mhz        |   0.000|
seg_clk     |        14.314(R)|      SLOW  |         6.179(R)|      FAST  |clk_100mhz        |   0.000|
seg_pen     |        12.348(R)|      SLOW  |         5.450(R)|      FAST  |clk_100mhz        |   0.000|
vga_blue<0> |        18.177(R)|      SLOW  |         5.056(R)|      FAST  |clk_100mhz        |   0.000|
vga_blue<1> |        18.169(R)|      SLOW  |         5.239(R)|      FAST  |clk_100mhz        |   0.000|
vga_blue<2> |        18.193(R)|      SLOW  |         5.239(R)|      FAST  |clk_100mhz        |   0.000|
vga_blue<3> |        20.366(R)|      SLOW  |         5.154(R)|      FAST  |clk_100mhz        |   0.000|
vga_green<0>|        20.392(R)|      SLOW  |         5.151(R)|      FAST  |clk_100mhz        |   0.000|
vga_green<1>|        21.237(R)|      SLOW  |         5.208(R)|      FAST  |clk_100mhz        |   0.000|
vga_green<2>|        20.775(R)|      SLOW  |         5.372(R)|      FAST  |clk_100mhz        |   0.000|
vga_green<3>|        20.649(R)|      SLOW  |         5.316(R)|      FAST  |clk_100mhz        |   0.000|
vga_red<0>  |        21.428(R)|      SLOW  |         5.238(R)|      FAST  |clk_100mhz        |   0.000|
vga_red<1>  |        21.447(R)|      SLOW  |         5.101(R)|      FAST  |clk_100mhz        |   0.000|
vga_red<2>  |        20.855(R)|      SLOW  |         5.235(R)|      FAST  |clk_100mhz        |   0.000|
vga_red<3>  |        20.888(R)|      SLOW  |         5.444(R)|      FAST  |clk_100mhz        |   0.000|
------------+-----------------+------------+-----------------+------------+------------------+--------+

Clock to Setup on destination clock clk200N
---------------+---------+---------+---------+---------+
               | Src:Rise| Src:Fall| Src:Rise| Src:Fall|
Source Clock   |Dest:Rise|Dest:Rise|Dest:Fall|Dest:Fall|
---------------+---------+---------+---------+---------+
clk200N        |    4.749|         |         |         |
clk200P        |    4.749|         |         |         |
---------------+---------+---------+---------+---------+

Clock to Setup on destination clock clk200P
---------------+---------+---------+---------+---------+
               | Src:Rise| Src:Fall| Src:Rise| Src:Fall|
Source Clock   |Dest:Rise|Dest:Rise|Dest:Fall|Dest:Fall|
---------------+---------+---------+---------+---------+
clk200N        |    4.749|         |         |         |
clk200P        |    4.749|         |         |         |
---------------+---------+---------+---------+---------+


Analysis completed Sat Oct 14 15:24:34 2017 
--------------------------------------------------------------------------------

Trace Settings:
-------------------------
Trace Settings 

Peak Memory Usage: 974 MB



