Release 14.7 - xst P.20131013 (nt64)
Copyright (c) 1995-2013 Xilinx, Inc.  All rights reserved.
--> Parameter TMPDIR set to xst/projnav.tmp


Total REAL time to Xst completion: 0.00 secs
Total CPU time to Xst completion: 0.10 secs
 
--> Parameter xsthdpdir set to xst


Total REAL time to Xst completion: 0.00 secs
Total CPU time to Xst completion: 0.10 secs
 
--> Reading design: vga_controller.prj

TABLE OF CONTENTS
  1) Synthesis Options Summary
  2) HDL Parsing
  3) HDL Elaboration
  4) HDL Synthesis
       4.1) HDL Synthesis Report
  5) Advanced HDL Synthesis
       5.1) Advanced HDL Synthesis Report
  6) Low Level Synthesis
  7) Partition Report
  8) Design Summary
       8.1) Primitive and Black Box Usage
       8.2) Device utilization summary
       8.3) Partition Resource Summary
       8.4) Timing Report
            8.4.1) Clock Information
            8.4.2) Asynchronous Control Signals Information
            8.4.3) Timing Summary
            8.4.4) Timing Details
            8.4.5) Cross Clock Domains Report


=========================================================================
*                      Synthesis Options Summary                        *
=========================================================================
---- Source Parameters
Input File Name                    : "vga_controller.prj"
Ignore Synthesis Constraint File   : NO

---- Target Parameters
Output File Name                   : "vga_controller"
Output Format                      : NGC
Target Device                      : xc7k325t-2L-ffg676

---- Source Options
Top Module Name                    : vga_controller
Automatic FSM Extraction           : YES
FSM Encoding Algorithm             : Auto
Safe Implementation                : No
FSM Style                          : LUT
RAM Extraction                     : Yes
RAM Style                          : Auto
ROM Extraction                     : Yes
Shift Register Extraction          : YES
ROM Style                          : Auto
Resource Sharing                   : YES
Asynchronous To Synchronous        : NO
Shift Register Minimum Size        : 2
Use DSP Block                      : Auto
Automatic Register Balancing       : No

---- Target Options
LUT Combining                      : Auto
Reduce Control Sets                : Auto
Add IO Buffers                     : YES
Global Maximum Fanout              : 100000
Add Generic Clock Buffer(BUFG)     : 32
Register Duplication               : YES
Optimize Instantiated Primitives   : NO
Use Clock Enable                   : Auto
Use Synchronous Set                : Auto
Use Synchronous Reset              : Auto
Pack IO Registers into IOBs        : Auto
Equivalent register Removal        : YES

---- General Options
Optimization Goal                  : Speed
Optimization Effort                : 1
Power Reduction                    : NO
Keep Hierarchy                     : No
Netlist Hierarchy                  : As_Optimized
RTL Output                         : Yes
Global Optimization                : AllClockNets
Read Cores                         : YES
Write Timing Constraints           : NO
Cross Clock Analysis               : NO
Hierarchy Separator                : /
Bus Delimiter                      : <>
Case Specifier                     : Maintain
Slice Utilization Ratio            : 100
BRAM Utilization Ratio             : 100
DSP48 Utilization Ratio            : 100
Auto BRAM Packing                  : NO
Slice Utilization Ratio Delta      : 5

---- Other Options
Cores Search Directories           : {"ipcore_dir"  }

=========================================================================


=========================================================================
*                          HDL Parsing                                  *
=========================================================================
Analyzing Verilog file "F:\MyProgramme\0arch\PCPU\ipcore_dir\text_vga_rom.v" into library work
Parsing module <text_vga_rom>.
Analyzing Verilog file "F:\MyProgramme\0arch\PCPU\ipcore_dir\text_vga_ram.v" into library work
Parsing module <text_vga_ram>.
Analyzing Verilog file "F:\MyProgramme\0arch\PCPU\ipcore_dir\graph_vga_ram.v" into library work
Parsing module <graph_vga_ram>.
Analyzing Verilog file "F:\MyProgramme\0arch\PCPU\vga_text.v" into library work
Parsing module <vga_text>.
Analyzing Verilog file "F:\MyProgramme\0arch\PCPU\vga_port.v" into library work
Parsing module <vga_port>.
Analyzing Verilog file "F:\MyProgramme\0arch\PCPU\vga_graph.v" into library work
Parsing module <vga_graph>.
Analyzing Verilog file "F:\MyProgramme\0arch\PCPU\vga_cursor.v" into library work
Parsing module <vga_cursor>.
Analyzing Verilog file "F:\MyProgramme\0arch\PCPU\vga_controller.v" into library work
Parsing module <vga_controller>.

=========================================================================
*                            HDL Elaboration                            *
=========================================================================

Elaborating module <vga_controller>.

Elaborating module <vga_text>.
WARNING:HDLCompiler:413 - "F:\MyProgramme\0arch\PCPU\vga_text.v" Line 36: Result of 12-bit expression is truncated to fit in 11-bit target.

Elaborating module <text_vga_ram>.
WARNING:HDLCompiler:1499 - "F:\MyProgramme\0arch\PCPU\ipcore_dir\text_vga_ram.v" Line 39: Empty module <text_vga_ram> remains a black box.

Elaborating module <text_vga_rom>.
WARNING:HDLCompiler:1499 - "F:\MyProgramme\0arch\PCPU\ipcore_dir\text_vga_rom.v" Line 39: Empty module <text_vga_rom> remains a black box.

Elaborating module <vga_cursor>.
WARNING:HDLCompiler:413 - "F:\MyProgramme\0arch\PCPU\vga_cursor.v" Line 55: Result of 12-bit expression is truncated to fit in 11-bit target.

Elaborating module <vga_graph>.
WARNING:HDLCompiler:413 - "F:\MyProgramme\0arch\PCPU\vga_graph.v" Line 34: Result of 20-bit expression is truncated to fit in 19-bit target.

Elaborating module <graph_vga_ram>.
WARNING:HDLCompiler:1499 - "F:\MyProgramme\0arch\PCPU\ipcore_dir\graph_vga_ram.v" Line 39: Empty module <graph_vga_ram> remains a black box.

Elaborating module <vga_port>.
WARNING:HDLCompiler:413 - "F:\MyProgramme\0arch\PCPU\vga_port.v" Line 44: Result of 11-bit expression is truncated to fit in 10-bit target.
WARNING:HDLCompiler:413 - "F:\MyProgramme\0arch\PCPU\vga_port.v" Line 47: Result of 11-bit expression is truncated to fit in 10-bit target.
WARNING:HDLCompiler:413 - "F:\MyProgramme\0arch\PCPU\vga_port.v" Line 57: Result of 10-bit expression is truncated to fit in 9-bit target.

=========================================================================
*                           HDL Synthesis                               *
=========================================================================

Synthesizing Unit <vga_controller>.
    Related source file is "F:\MyProgramme\0arch\PCPU\vga_controller.v".
        GRAPH = 2'b00
        TEXT = 2'b01
        MIXED = 2'b11
WARNING:Xst:647 - Input <graph_addr<31:16>> is never used. This port will be preserved and left unconnected if it belongs to a top-level block or it belongs to a sub-block and the hierarchy of this sub-block is preserved.
WARNING:Xst:647 - Input <rd_reg> is never used. This port will be preserved and left unconnected if it belongs to a top-level block or it belongs to a sub-block and the hierarchy of this sub-block is preserved.
    Found 1-bit register for signal <status<30>>.
    Found 1-bit register for signal <status<29>>.
    Found 1-bit register for signal <status<28>>.
    Found 1-bit register for signal <status<27>>.
    Found 1-bit register for signal <status<26>>.
    Found 1-bit register for signal <status<25>>.
    Found 1-bit register for signal <status<24>>.
    Found 1-bit register for signal <status<23>>.
    Found 1-bit register for signal <status<22>>.
    Found 1-bit register for signal <status<21>>.
    Found 1-bit register for signal <status<20>>.
    Found 1-bit register for signal <status<19>>.
    Found 1-bit register for signal <status<18>>.
    Found 1-bit register for signal <status<17>>.
    Found 1-bit register for signal <status<16>>.
    Found 1-bit register for signal <status<15>>.
    Found 1-bit register for signal <status<14>>.
    Found 1-bit register for signal <status<13>>.
    Found 1-bit register for signal <status<12>>.
    Found 1-bit register for signal <status<11>>.
    Found 1-bit register for signal <status<10>>.
    Found 1-bit register for signal <status<9>>.
    Found 1-bit register for signal <status<8>>.
    Found 1-bit register for signal <status<7>>.
    Found 1-bit register for signal <status<6>>.
    Found 1-bit register for signal <status<5>>.
    Found 1-bit register for signal <status<4>>.
    Found 1-bit register for signal <status<3>>.
    Found 1-bit register for signal <status<2>>.
    Found 1-bit register for signal <status<1>>.
    Found 1-bit register for signal <status<0>>.
    Found 1-bit register for signal <status<31>>.
    Found 12-bit 4-to-1 multiplexer for signal <color_out> created at line 127.
    Summary:
	inferred  32 D-type flip-flop(s).
	inferred   3 Multiplexer(s).
Unit <vga_controller> synthesized.

Synthesizing Unit <vga_text>.
    Related source file is "F:\MyProgramme\0arch\PCPU\vga_text.v".
WARNING:Xst:647 - Input <addr<1:0>> is never used. This port will be preserved and left unconnected if it belongs to a top-level block or it belongs to a sub-block and the hierarchy of this sub-block is preserved.
WARNING:Xst:647 - Input <addr<31:13>> is never used. This port will be preserved and left unconnected if it belongs to a top-level block or it belongs to a sub-block and the hierarchy of this sub-block is preserved.
    Found 11-bit adder for signal <vga_row[8]_GND_2_o_add_2_OUT> created at line 36.
    Found 5x6-bit multiplier for signal <n0026> created at line 36.
    Found 1-bit 16-to-1 multiplexer for signal <vga_column[3]_font_data[15]_Mux_5_o> created at line 57.
    Summary:
	inferred   1 Multiplier(s).
	inferred   1 Adder/Subtractor(s).
	inferred   4 Multiplexer(s).
Unit <vga_text> synthesized.

Synthesizing Unit <vga_cursor>.
    Related source file is "F:\MyProgramme\0arch\PCPU\vga_cursor.v".
    Found 1-bit register for signal <stat<30>>.
    Found 1-bit register for signal <stat<29>>.
    Found 1-bit register for signal <stat<28>>.
    Found 1-bit register for signal <stat<27>>.
    Found 1-bit register for signal <stat<26>>.
    Found 1-bit register for signal <stat<25>>.
    Found 1-bit register for signal <stat<24>>.
    Found 1-bit register for signal <stat<23>>.
    Found 1-bit register for signal <stat<22>>.
    Found 1-bit register for signal <stat<21>>.
    Found 1-bit register for signal <stat<20>>.
    Found 1-bit register for signal <stat<19>>.
    Found 1-bit register for signal <stat<18>>.
    Found 1-bit register for signal <stat<17>>.
    Found 1-bit register for signal <stat<16>>.
    Found 1-bit register for signal <stat<15>>.
    Found 1-bit register for signal <stat<14>>.
    Found 1-bit register for signal <stat<13>>.
    Found 1-bit register for signal <stat<12>>.
    Found 1-bit register for signal <stat<11>>.
    Found 1-bit register for signal <stat<10>>.
    Found 1-bit register for signal <stat<9>>.
    Found 1-bit register for signal <stat<8>>.
    Found 1-bit register for signal <stat<7>>.
    Found 1-bit register for signal <stat<6>>.
    Found 1-bit register for signal <stat<5>>.
    Found 1-bit register for signal <stat<4>>.
    Found 1-bit register for signal <stat<3>>.
    Found 1-bit register for signal <stat<2>>.
    Found 1-bit register for signal <stat<1>>.
    Found 1-bit register for signal <stat<0>>.
    Found 1-bit register for signal <stat<31>>.
    Found 11-bit adder for signal <addr> created at line 55.
    Found 5x6-bit multiplier for signal <n0097> created at line 55.
    Found 1-bit 4-to-1 multiplexer for signal <GND_6_o_PWR_5_o_MUX_137_o> created at line 61.
    Found 11-bit comparator equal for signal <cursor_on> created at line 58
    Summary:
	inferred   1 Multiplier(s).
	inferred   1 Adder/Subtractor(s).
	inferred  32 D-type flip-flop(s).
	inferred   1 Comparator(s).
	inferred   4 Multiplexer(s).
Unit <vga_cursor> synthesized.

Synthesizing Unit <vga_graph>.
    Related source file is "F:\MyProgramme\0arch\PCPU\vga_graph.v".
WARNING:Xst:647 - Input <addr<1:0>> is never used. This port will be preserved and left unconnected if it belongs to a top-level block or it belongs to a sub-block and the hierarchy of this sub-block is preserved.
WARNING:Xst:647 - Input <addr<31:20>> is never used. This port will be preserved and left unconnected if it belongs to a top-level block or it belongs to a sub-block and the hierarchy of this sub-block is preserved.
    Found 19-bit adder for signal <temp_addr> created at line 34.
    Found 9x10-bit multiplier for signal <n0021> created at line 34.
    Summary:
	inferred   1 Multiplier(s).
	inferred   1 Adder/Subtractor(s).
	inferred   3 Multiplexer(s).
Unit <vga_graph> synthesized.

Synthesizing Unit <vga_port>.
    Related source file is "F:\MyProgramme\0arch\PCPU\vga_port.v".
    Found 10-bit register for signal <column_c>.
    Found 10-bit register for signal <row_c>.
    Found 10-bit subtractor for signal <column> created at line 58.
    Found 10-bit adder for signal <column_c[9]_GND_10_o_add_2_OUT> created at line 44.
    Found 10-bit adder for signal <row_c[9]_GND_10_o_add_4_OUT> created at line 47.
    Found 9-bit subtractor for signal <row> created at line 30.
    Found 10-bit comparator greater for signal <column_c[9]_PWR_8_o_LessThan_2_o> created at line 43
    Found 10-bit comparator lessequal for signal <row_c[9]_PWR_8_o_LessThan_4_o> created at line 46
    Found 10-bit comparator greater for signal <hsync> created at line 55
    Found 10-bit comparator greater for signal <vsync> created at line 56
    Found 10-bit comparator greater for signal <GND_10_o_column_c[9]_LessThan_17_o> created at line 59
    Found 10-bit comparator lessequal for signal <n0015> created at line 59
    Found 10-bit comparator greater for signal <GND_10_o_row_c[9]_LessThan_19_o> created at line 60
    Found 10-bit comparator lessequal for signal <n0020> created at line 60
    Summary:
	inferred   4 Adder/Subtractor(s).
	inferred  20 D-type flip-flop(s).
	inferred   8 Comparator(s).
	inferred   1 Multiplexer(s).
Unit <vga_port> synthesized.

=========================================================================
HDL Synthesis Report

Macro Statistics
# Multipliers                                          : 3
 10x9-bit multiplier                                   : 1
 6x5-bit multiplier                                    : 2
# Adders/Subtractors                                   : 7
 10-bit adder                                          : 2
 10-bit subtractor                                     : 1
 11-bit adder                                          : 2
 19-bit adder                                          : 1
 9-bit subtractor                                      : 1
# Registers                                            : 66
 1-bit register                                        : 64
 10-bit register                                       : 2
# Comparators                                          : 9
 10-bit comparator greater                             : 5
 10-bit comparator lessequal                           : 3
 11-bit comparator equal                               : 1
# Multiplexers                                         : 15
 1-bit 16-to-1 multiplexer                             : 1
 1-bit 2-to-1 multiplexer                              : 1
 1-bit 4-to-1 multiplexer                              : 1
 11-bit 2-to-1 multiplexer                             : 1
 12-bit 2-to-1 multiplexer                             : 6
 12-bit 4-to-1 multiplexer                             : 1
 18-bit 2-to-1 multiplexer                             : 1
 32-bit 2-to-1 multiplexer                             : 3

=========================================================================

=========================================================================
*                       Advanced HDL Synthesis                          *
=========================================================================

Reading core <ipcore_dir/text_vga_ram.ngc>.
Reading core <ipcore_dir/text_vga_rom.ngc>.
Reading core <ipcore_dir/graph_vga_ram.ngc>.
Loading core <text_vga_ram> for timing and area information for instance <Text_vga_ram>.
Loading core <text_vga_rom> for timing and area information for instance <Text_vga_rom>.
Loading core <graph_vga_ram> for timing and area information for instance <Graph_vga_ram0>.
Loading core <graph_vga_ram> for timing and area information for instance <Graph_vga_ram1>.

Synthesizing (advanced) Unit <vga_controller>.
	Multiplier <Vga_text/Mmult_n0026> in block <vga_controller> and adder/subtractor <Vga_text/Madd_vga_row[8]_GND_2_o_add_2_OUT> in block <vga_controller> are combined into a MAC<Vga_text/Maddsub_n0026>.
	Multiplier <Vga_graph/Mmult_n0021> in block <vga_controller> and adder/subtractor <Vga_graph/Madd_temp_addr> in block <vga_controller> are combined into a MAC<Vga_graph/Maddsub_n0021>.
	Multiplier <Vga_cursor/Mmult_n0097> in block <vga_controller> and adder/subtractor <Vga_cursor/Madd_addr> in block <vga_controller> are combined into a MAC<Vga_cursor/Maddsub_n0097>.
Unit <vga_controller> synthesized (advanced).

Synthesizing (advanced) Unit <vga_port>.
The following registers are absorbed into counter <column_c>: 1 register on signal <column_c>.
The following registers are absorbed into counter <row_c>: 1 register on signal <row_c>.
Unit <vga_port> synthesized (advanced).

=========================================================================
Advanced HDL Synthesis Report

Macro Statistics
# MACs                                                 : 3
 10x9-to-19-bit MAC                                    : 1
 6x5-to-11-bit MAC                                     : 2
# Adders/Subtractors                                   : 2
 10-bit subtractor                                     : 1
 9-bit subtractor                                      : 1
# Counters                                             : 2
 10-bit up counter                                     : 2
# Registers                                            : 64
 Flip-Flops                                            : 64
# Comparators                                          : 9
 10-bit comparator greater                             : 5
 10-bit comparator lessequal                           : 3
 11-bit comparator equal                               : 1
# Multiplexers                                         : 32
 1-bit 16-to-1 multiplexer                             : 1
 1-bit 2-to-1 multiplexer                              : 19
 1-bit 4-to-1 multiplexer                              : 1
 11-bit 2-to-1 multiplexer                             : 1
 12-bit 2-to-1 multiplexer                             : 6
 12-bit 4-to-1 multiplexer                             : 1
 32-bit 2-to-1 multiplexer                             : 3

=========================================================================

=========================================================================
*                         Low Level Synthesis                           *
=========================================================================

Optimizing unit <vga_controller> ...

Mapping all equations...
Building and optimizing final netlist ...
Found area constraint ratio of 100 (+ 5) on block vga_controller, actual ratio is 0.
FlipFlop status_19 has been replicated 1 time(s) to handle iob=true attribute.
FlipFlop status_18 has been replicated 1 time(s) to handle iob=true attribute.
FlipFlop status_17 has been replicated 1 time(s) to handle iob=true attribute.
FlipFlop status_16 has been replicated 1 time(s) to handle iob=true attribute.
FlipFlop status_1 has been replicated 1 time(s) to handle iob=true attribute.
FlipFlop status_0 has been replicated 1 time(s) to handle iob=true attribute.

Final Macro Processing ...

=========================================================================
Final Register Report

Macro Statistics
# Registers                                            : 90
 Flip-Flops                                            : 90

=========================================================================

=========================================================================
*                           Partition Report                            *
=========================================================================

Partition Implementation Status
-------------------------------

  No Partitions were found in this design.

-------------------------------

=========================================================================
*                            Design Summary                             *
=========================================================================

Top Level Output File Name         : vga_controller.ngc

Primitive and Black Box Usage:
------------------------------
# BELS                             : 1344
#      GND                         : 5
#      INV                         : 4
#      LUT1                        : 26
#      LUT2                        : 110
#      LUT3                        : 637
#      LUT4                        : 88
#      LUT5                        : 27
#      LUT6                        : 308
#      MUXCY                       : 46
#      MUXF7                       : 38
#      MUXF8                       : 1
#      VCC                         : 5
#      XORCY                       : 49
# FlipFlops/Latches                : 106
#      FD                          : 11
#      FDE                         : 16
#      FDR                         : 9
#      FDRE                        : 70
# RAMS                             : 155
#      RAMB18E1                    : 3
#      RAMB36E1                    : 152
# Clock Buffers                    : 2
#      BUFGP                       : 2
# IO Buffers                       : 317
#      IBUF                        : 174
#      OBUF                        : 143
# DSPs                             : 1
#      DSP48E1                     : 1

Device utilization summary:
---------------------------

Selected Device : 7k325tffg676-2l 


Slice Logic Utilization: 
 Number of Slice Registers:              40  out of  407600     0%  
 Number of Slice LUTs:                 1200  out of  203800     0%  
    Number used as Logic:              1200  out of  203800     0%  

Slice Logic Distribution: 
 Number of LUT Flip Flop pairs used:   1216
   Number with an unused Flip Flop:    1176  out of   1216    96%  
   Number with an unused LUT:            16  out of   1216     1%  
   Number of fully used LUT-FF pairs:    24  out of   1216     1%  
   Number of unique control sets:        13

IO Utilization: 
 Number of IOs:                         359
 Number of bonded IOBs:                 319  out of    400    79%  
    IOB Flip Flops/Latches:              66

Specific Feature Utilization:
 Number of Block RAM/FIFO:              154  out of    445    34%  
    Number using Block RAM only:        154
 Number of BUFG/BUFGCTRLs:                2  out of     32     6%  
 Number of DSP48E1s:                      1  out of    840     0%  

---------------------------
Partition Resource Summary:
---------------------------

  No Partitions were found in this design.

---------------------------


=========================================================================
Timing Report

NOTE: THESE TIMING NUMBERS ARE ONLY A SYNTHESIS ESTIMATE.
      FOR ACCURATE TIMING INFORMATION PLEASE REFER TO THE TRACE REPORT
      GENERATED AFTER PLACE-and-ROUTE.

Clock Information:
------------------
-----------------------------------+------------------------+-------+
Clock Signal                       | Clock buffer(FF name)  | Load  |
-----------------------------------+------------------------+-------+
clk                                | BUFGP                  | 241   |
clk_vga                            | BUFGP                  | 20    |
-----------------------------------+------------------------+-------+

Asynchronous Control Signals Information:
----------------------------------------
-------------------------------------------------------------------------------------------------------------------------------------------------------------+------------------------------------------------------------------------------------------------------------------------------------------------------------------+-------+
Control Signal                                                                                                                                               | Buffer(FF name)                                                                                                                                                  | Load  |
-------------------------------------------------------------------------------------------------------------------------------------------------------------+------------------------------------------------------------------------------------------------------------------------------------------------------------------+-------+
Vga_graph/Graph_vga_ram0/U0/xst_blk_mem_generator/gnativebmg.native_blk_mem_gen/valid.cstr/has_mux_a.A/Mmux_dout_mux_1212(Vga_graph/Graph_vga_ram0/XST_GND:G)| NONE(Vga_graph/Graph_vga_ram0/U0/xst_blk_mem_generator/gnativebmg.native_blk_mem_gen/valid.cstr/ramloop[32].ram.r/v6_noinit.ram/NO_BMM_INFO.SP.SIMPLE_PRIM36.ram)| 150   |
Vga_graph/Graph_vga_ram1/U0/xst_blk_mem_generator/gnativebmg.native_blk_mem_gen/valid.cstr/has_mux_a.A/Mmux_dout_mux_1212(Vga_graph/Graph_vga_ram1/XST_GND:G)| NONE(Vga_graph/Graph_vga_ram1/U0/xst_blk_mem_generator/gnativebmg.native_blk_mem_gen/valid.cstr/ramloop[70].ram.r/v6_noinit.ram/NO_BMM_INFO.SP.SIMPLE_PRIM36.ram)| 150   |
Vga_text/Text_vga_rom/N1(Vga_text/Text_vga_rom/XST_GND:G)                                                                                                    | NONE(Vga_text/Text_vga_rom/U0/xst_blk_mem_generator/gnativebmg.native_blk_mem_gen/valid.cstr/ramloop[1].ram.r/v6_init.ram/NO_BMM_INFO.SP.SIMPLE_PRIM36.ram)      | 4     |
-------------------------------------------------------------------------------------------------------------------------------------------------------------+------------------------------------------------------------------------------------------------------------------------------------------------------------------+-------+

Timing Summary:
---------------
Speed Grade: -2

   Minimum period: 2.110ns (Maximum Frequency: 473.990MHz)
   Minimum input arrival time before clock: 2.530ns
   Maximum output required time after clock: 6.376ns
   Maximum combinational path delay: 2.063ns

Timing Details:
---------------
All values displayed in nanoseconds (ns)

=========================================================================
Timing constraint: Default period analysis for Clock 'clk_vga'
  Clock period: 2.110ns (frequency: 473.990MHz)
  Total number of paths / destination ports: 500 / 29
-------------------------------------------------------------------------
Delay:               2.110ns (Levels of Logic = 4)
  Source:            Vga_port/column_c_0 (FF)
  Destination:       Vga_port/row_c_1 (FF)
  Source Clock:      clk_vga rising
  Destination Clock: clk_vga rising

  Data Path: Vga_port/column_c_0 to Vga_port/row_c_1
                                Gate     Net
    Cell:in->out      fanout   Delay   Delay  Logical Name (Net Name)
    ----------------------------------------  ------------
     FD:C->Q               8   0.236   0.534  Vga_port/column_c_0 (Vga_port/column_c_0)
     LUT3:I0->O            3   0.043   0.417  Vga_port/column_c[9]_PWR_8_o_LessThan_2_o1_SW0 (N23)
     LUT6:I4->O            2   0.043   0.355  Vga_port/column_c[9]_PWR_8_o_LessThan_2_o1 (Vga_port/column_c[9]_PWR_8_o_LessThan_2_o)
     LUT6:I5->O            9   0.043   0.395  Vga_port/Mcount_row_c_val (Vga_port/Mcount_row_c_val)
     LUT4:I3->O            1   0.043   0.000  Vga_port/row_c_1_rstpot (Vga_port/row_c_1_rstpot)
     FD:D                     -0.000          Vga_port/row_c_1
    ----------------------------------------
    Total                      2.110ns (0.408ns logic, 1.702ns route)
                                       (19.3% logic, 80.7% route)

=========================================================================
Timing constraint: Default period analysis for Clock 'clk'
  Clock period: 0.629ns (frequency: 1589.446MHz)
  Total number of paths / destination ports: 8 / 8
-------------------------------------------------------------------------
Delay:               0.629ns (Levels of Logic = 2)
  Source:            status_19 (FF)
  Destination:       Vga_graph/Graph_vga_ram1/U0/xst_blk_mem_generator/gnativebmg.native_blk_mem_gen/valid.cstr/has_mux_a.A/sel_pipe_6 (FF)
  Source Clock:      clk rising
  Destination Clock: clk rising

  Data Path: status_19 to Vga_graph/Graph_vga_ram1/U0/xst_blk_mem_generator/gnativebmg.native_blk_mem_gen/valid.cstr/has_mux_a.A/sel_pipe_6
                                Gate     Net
    Cell:in->out      fanout   Delay   Delay  Logical Name (Net Name)
    ----------------------------------------  ------------
     FDRE:C->Q             1   0.236   0.350  status_19 (status_19)
     LUT3:I2->O           78   0.043   0.000  mux811 (Vga_graph/addr_ram<17>)
     begin scope: 'Vga_graph/Graph_vga_ram1:addra<17>'
     FDE:D                    -0.000          U0/xst_blk_mem_generator/gnativebmg.native_blk_mem_gen/valid.cstr/has_mux_a.A/sel_pipe_6
    ----------------------------------------
    Total                      0.629ns (0.279ns logic, 0.350ns route)
                                       (44.3% logic, 55.7% route)

=========================================================================
Timing constraint: Default OFFSET IN BEFORE for Clock 'clk'
  Total number of paths / destination ports: 1850 / 1556
-------------------------------------------------------------------------
Offset:              2.530ns (Levels of Logic = 5)
  Source:            rd_text (PAD)
  Destination:       Vga_text/Text_vga_ram/U0/xst_blk_mem_generator/gnativebmg.native_blk_mem_gen/valid.cstr/ramloop[1].ram.r/v6_noinit.ram/NO_BMM_INFO.SP.WIDE_PRIM18.ram (RAM)
  Destination Clock: clk rising

  Data Path: rd_text to Vga_text/Text_vga_ram/U0/xst_blk_mem_generator/gnativebmg.native_blk_mem_gen/valid.cstr/ramloop[1].ram.r/v6_noinit.ram/NO_BMM_INFO.SP.WIDE_PRIM18.ram
                                Gate     Net
    Cell:in->out      fanout   Delay   Delay  Logical Name (Net Name)
    ----------------------------------------  ------------
     IBUF:I->O            33   0.000   0.652  rd_text_IBUF (rd_text_IBUF)
     LUT5:I1->O           11   0.043   0.659  Vga_text/we[3]_rd_OR_4_o1 (Vga_text/we[3]_rd_OR_4_o)
     LUT5:I0->O            3   0.043   0.417  Vga_text/Mmux_addr_ram21 (Vga_text/addr_ram<10>)
     begin scope: 'Vga_text/Text_vga_ram:addra<10>'
     LUT2:I0->O            2   0.043   0.344  U0/xst_blk_mem_generator/gnativebmg.native_blk_mem_gen/valid.cstr/bindec_a.bindec_inst_a/ADDR[1]_PWR_16_o_equal_3_o<1>1 (U0/xst_blk_mem_generator/gnativebmg.native_blk_mem_gen/valid.cstr/ena_array<2>)
     RAMB18E1:ENARDEN          0.328          U0/xst_blk_mem_generator/gnativebmg.native_blk_mem_gen/valid.cstr/ramloop[1].ram.r/v6_noinit.ram/NO_BMM_INFO.SP.WIDE_PRIM18.ram
    ----------------------------------------
    Total                      2.530ns (0.457ns logic, 2.073ns route)
                                       (18.1% logic, 81.9% route)

=========================================================================
Timing constraint: Default OFFSET IN BEFORE for Clock 'clk_vga'
  Total number of paths / destination ports: 20 / 20
-------------------------------------------------------------------------
Offset:              1.447ns (Levels of Logic = 2)
  Source:            rst (PAD)
  Destination:       Vga_port/column_c_1 (FF)
  Destination Clock: clk_vga rising

  Data Path: rst to Vga_port/column_c_1
                                Gate     Net
    Cell:in->out      fanout   Delay   Delay  Logical Name (Net Name)
    ----------------------------------------  ------------
     IBUF:I->O            73   0.000   0.750  rst_IBUF (rst_IBUF)
     LUT6:I0->O           10   0.043   0.389  Vga_port/Mcount_column_c_val1 (Vga_port/Mcount_column_c_val)
     FDR:R                     0.264          Vga_port/column_c_9
    ----------------------------------------
    Total                      1.447ns (0.307ns logic, 1.140ns route)
                                       (21.2% logic, 78.8% route)

=========================================================================
Timing constraint: Default OFFSET OUT AFTER for Clock 'clk'
  Total number of paths / destination ports: 3264 / 140
-------------------------------------------------------------------------
Offset:              5.383ns (Levels of Logic = 10)
  Source:            Vga_cursor/stat_2 (FF)
  Destination:       r<3> (PAD)
  Source Clock:      clk rising

  Data Path: Vga_cursor/stat_2 to r<3>
                                Gate     Net
    Cell:in->out      fanout   Delay   Delay  Logical Name (Net Name)
    ----------------------------------------  ------------
     FDRE:C->Q             2   0.236   0.500  Vga_cursor/stat_2 (Vga_cursor/stat_2)
     LUT6:I3->O            1   0.043   0.350  cursor_on111 (cursor_on11)
     LUT6:I5->O            1   0.043   0.603  cursor_on112 (cursor_on111)
     LUT5:I0->O            1   0.043   0.350  cursor_on113 (cursor_on112)
     LUT6:I5->O            1   0.043   0.495  cursor_on114 (cursor_on113)
     LUT3:I0->O            1   0.043   0.613  cursor_on116_SW0 (N35)
     LUT6:I0->O            2   0.043   0.527  cursor_on116 (cursor_on)
     LUT6:I2->O            6   0.043   0.631  Vga_port/Mmux_n00261133 (Vga_port/Mmux_n0026113)
     LUT5:I0->O            1   0.043   0.350  Vga_port/Mmux_n002618_SW0 (N11)
     LUT6:I5->O            1   0.043   0.339  Vga_port/Mmux_n002618 (r_3_OBUF)
     OBUF:I->O                 0.000          r_3_OBUF (r<3>)
    ----------------------------------------
    Total                      5.383ns (0.623ns logic, 4.760ns route)
                                       (11.6% logic, 88.4% route)

=========================================================================
Timing constraint: Default OFFSET OUT AFTER for Clock 'clk_vga'
  Total number of paths / destination ports: 10886 / 15
-------------------------------------------------------------------------
Offset:              6.376ns (Levels of Logic = 11)
  Source:            Vga_port/column_c_8 (FF)
  Destination:       r<3> (PAD)
  Source Clock:      clk_vga rising

  Data Path: Vga_port/column_c_8 to r<3>
                                Gate     Net
    Cell:in->out      fanout   Delay   Delay  Logical Name (Net Name)
    ----------------------------------------  ------------
     FDR:C->Q              9   0.236   0.648  Vga_port/column_c_8 (Vga_port/column_c_8)
     LUT5:I0->O            4   0.043   0.539  Vga_port/Msub_column_xor<8>11 (vga_column<8>)
     LUT4:I0->O            1   0.043   0.613  Vga_cursor/addr<4>1 (Vga_cursor/addr<4>)
     LUT6:I0->O            1   0.043   0.603  cursor_on112 (cursor_on111)
     LUT5:I0->O            1   0.043   0.350  cursor_on113 (cursor_on112)
     LUT6:I5->O            1   0.043   0.495  cursor_on114 (cursor_on113)
     LUT3:I0->O            1   0.043   0.613  cursor_on116_SW0 (N35)
     LUT6:I0->O            2   0.043   0.527  cursor_on116 (cursor_on)
     LUT6:I2->O            6   0.043   0.631  Vga_port/Mmux_n00261133 (Vga_port/Mmux_n0026113)
     LUT5:I0->O            1   0.043   0.350  Vga_port/Mmux_n002618_SW0 (N11)
     LUT6:I5->O            1   0.043   0.339  Vga_port/Mmux_n002618 (r_3_OBUF)
     OBUF:I->O                 0.000          r_3_OBUF (r<3>)
    ----------------------------------------
    Total                      6.376ns (0.666ns logic, 5.710ns route)
                                       (10.4% logic, 89.6% route)

=========================================================================
Timing constraint: Default path analysis
  Total number of paths / destination ports: 102 / 102
-------------------------------------------------------------------------
Delay:               2.063ns (Levels of Logic = 5)
  Source:            clk_cursor (PAD)
  Destination:       r<3> (PAD)

  Data Path: clk_cursor to r<3>
                                Gate     Net
    Cell:in->out      fanout   Delay   Delay  Logical Name (Net Name)
    ----------------------------------------  ------------
     IBUF:I->O             1   0.000   0.613  clk_cursor_IBUF (clk_cursor_IBUF)
     LUT6:I0->O            6   0.043   0.631  Vga_port/Mmux_n00261133 (Vga_port/Mmux_n0026113)
     LUT5:I0->O            1   0.043   0.350  Vga_port/Mmux_n002618_SW0 (N11)
     LUT6:I5->O            1   0.043   0.339  Vga_port/Mmux_n002618 (r_3_OBUF)
     OBUF:I->O                 0.000          r_3_OBUF (r<3>)
    ----------------------------------------
    Total                      2.063ns (0.129ns logic, 1.934ns route)
                                       (6.3% logic, 93.7% route)

=========================================================================

Cross Clock Domains Report:
--------------------------

Clock to Setup on destination clock clk
---------------+---------+---------+---------+---------+
               | Src:Rise| Src:Fall| Src:Rise| Src:Fall|
Source Clock   |Dest:Rise|Dest:Rise|Dest:Fall|Dest:Fall|
---------------+---------+---------+---------+---------+
clk            |    0.629|         |         |         |
clk_vga        |    6.190|         |         |         |
---------------+---------+---------+---------+---------+

Clock to Setup on destination clock clk_vga
---------------+---------+---------+---------+---------+
               | Src:Rise| Src:Fall| Src:Rise| Src:Fall|
Source Clock   |Dest:Rise|Dest:Rise|Dest:Fall|Dest:Fall|
---------------+---------+---------+---------+---------+
clk_vga        |    2.110|         |         |         |
---------------+---------+---------+---------+---------+

=========================================================================


Total REAL time to Xst completion: 40.00 secs
Total CPU time to Xst completion: 40.54 secs
 
--> 

Total memory usage is 491128 kilobytes

Number of errors   :    0 (   0 filtered)
Number of warnings :   15 (   0 filtered)
Number of infos    :    0 (   0 filtered)

